ARM Linker, 5.03 [Build 76] [MDK-ARM Professional]

==============================================================================

Section Cross References

    startup.o(STACK) refers (Special) to heapauxi.o(.text) for __use_two_region_memory
    startup.o(HEAP) refers (Special) to heapauxi.o(.text) for __use_two_region_memory
    startup.o(RESET) refers (Special) to heapauxi.o(.text) for __use_two_region_memory
    startup.o(RESET) refers to startup.o(STACK) for Stack_Top
    startup.o(RESET) refers to __main.o(!!!main) for __main
    startup.o(.text) refers (Special) to heapauxi.o(.text) for __use_two_region_memory
    startup.o(.text) refers to startup.o(HEAP) for Heap_Mem
    startup.o(.text) refers to startup.o(STACK) for Stack_Mem
    hx_atcmd.o(i.atc_default_init) refers to rt_memcpy_w.o(.text) for __aeabi_memcpy4
    hx_atcmd.o(i.atc_default_init) refers to hx_atcmd.o(.bss) for g_atarg
    hx_atcmd.o(i.atc_get_arg) refers to rt_memcpy_w.o(.text) for __aeabi_memcpy4
    hx_atcmd.o(i.atc_get_arg) refers to hx_atcmd.o(.bss) for g_atarg
    hx_atcmd.o(i.atc_getc_block) refers to hxl_serial.o(i.hxl_getc_block) for hxl_getc_block
    hx_atcmd.o(i.atc_getc_block) refers to hx_atcmd.o(.bss) for g_dev
    hx_atcmd.o(i.atc_getc_noblock) refers to hxl_serial.o(i.hxl_getc_noblock) for hxl_getc_noblock
    hx_atcmd.o(i.atc_getc_noblock) refers to hx_atcmd.o(.bss) for g_dev
    hx_atcmd.o(i.atc_getc_timeout) refers to hxl_serial.o(i.hxl_getc_timeout) for hxl_getc_timeout
    hx_atcmd.o(i.atc_getc_timeout) refers to hx_atcmd.o(.bss) for g_dev
    hx_atcmd.o(i.atc_gets_block) refers to hxl_serial.o(i.hxl_gets_block) for hxl_gets_block
    hx_atcmd.o(i.atc_gets_block) refers to hx_atcmd.o(.bss) for g_dev
    hx_atcmd.o(i.atc_gets_noblock) refers to hxl_serial.o(i.hxl_gets_noblock) for hxl_gets_noblock
    hx_atcmd.o(i.atc_gets_noblock) refers to hx_atcmd.o(.bss) for g_dev
    hx_atcmd.o(i.atc_gets_timeout) refers to hxl_serial.o(i.hxl_gets_timeout) for hxl_gets_timeout
    hx_atcmd.o(i.atc_gets_timeout) refers to hx_atcmd.o(.bss) for g_dev
    hx_atcmd.o(i.atc_poll) refers to hx_utils.o(i.hx_get_tick_count) for hx_get_tick_count
    hx_atcmd.o(i.atc_poll) refers to hx_utils.o(i.hx_check_timeout2) for hx_check_timeout2
    hx_atcmd.o(i.atc_poll) refers to hxl_serial.o(i.hxl_printf) for hxl_printf
    hx_atcmd.o(i.atc_poll) refers to hx_debug.o(i.HX_DBG_PRINT) for HX_DBG_PRINT
    hx_atcmd.o(i.atc_poll) refers to rt_memclr_w.o(.text) for __aeabi_memclr4
    hx_atcmd.o(i.atc_poll) refers to hxl_serial.o(i.hxl_gets_noblock) for hxl_gets_noblock
    hx_atcmd.o(i.atc_poll) refers to hx_utils.o(i.hx_strtrim2) for hx_strtrim2
    hx_atcmd.o(i.atc_poll) refers to strcmp.o(.text) for strcmp
    hx_atcmd.o(i.atc_poll) refers to hx_utils.o(i.hx_check_timeout) for hx_check_timeout
    hx_atcmd.o(i.atc_poll) refers to hx_atcmd.o(.data) for tmof_last_state_change
    hx_atcmd.o(i.atc_poll) refers to hx_atcmd.o(.bss) for g_dev
    hx_atcmd.o(i.atc_printf) refers to vsprintf.o(.text) for vsprintf
    hx_atcmd.o(i.atc_printf) refers to hxl_serial.o(i.hxl_put) for hxl_put
    hx_atcmd.o(i.atc_printf) refers to hxl_serial.o(i.hxl_send) for hxl_send
    hx_atcmd.o(i.atc_printf) refers to hx_atcmd.o(.bss) for g_dev
    hx_atcmd.o(i.atc_put) refers to hxl_serial.o(i.hxl_put) for hxl_put
    hx_atcmd.o(i.atc_put) refers to hx_atcmd.o(.bss) for g_dev
    hx_atcmd.o(i.atc_putc) refers to hxl_serial.o(i.hxl_putc) for hxl_putc
    hx_atcmd.o(i.atc_putc) refers to hx_atcmd.o(.bss) for g_dev
    hx_atcmd.o(i.atc_puts) refers to hxl_serial.o(i.hxl_puts) for hxl_puts
    hx_atcmd.o(i.atc_puts) refers to hx_atcmd.o(.bss) for g_dev
    hx_atcmd.o(i.atc_rxclr) refers to hxl_serial.o(i.hxl_rxclr) for hxl_rxclr
    hx_atcmd.o(i.atc_rxclr) refers to hx_atcmd.o(.bss) for g_dev
    hx_atcmd.o(i.atc_send) refers to hxl_serial.o(i.hxl_send) for hxl_send
    hx_atcmd.o(i.atc_send) refers to hx_atcmd.o(.bss) for g_dev
    hx_atcmd.o(i.atc_set_arg) refers to rt_memcpy_w.o(.text) for __aeabi_memcpy4
    hx_atcmd.o(i.atc_set_arg) refers to hx_atcmd.o(.bss) for g_atarg
    hx_board.o(i.brd_init) refers to hx_debug.o(i.HX_DBG_PRINT) for HX_DBG_PRINT
    hx_board.o(i.brd_ioclr) refers to hx_board.o(i.brd_ioctrl) for brd_ioctrl
    hx_board.o(i.brd_ioctrl) refers to hx_cpu.o(i.cpu_ioctrl) for cpu_ioctrl
    hx_board.o(i.brd_iomode) refers to hx_cpu.o(i.cpu_iomode) for cpu_iomode
    hx_board.o(i.brd_ioset) refers to hx_board.o(i.brd_ioctrl) for brd_ioctrl
    hx_board.o(i.brd_ioval) refers to hx_cpu.o(i.cpu_ioval) for cpu_ioval
    hx_board.o(i.brd_uart_reopen) refers to hx_cpu.o(i.cpu_uart_reopen) for cpu_uart_reopen
    hx_board.o(i.brd_uart_tx_end_session) refers to hx_cpu.o(i.cpu_uart_tx_end_session) for cpu_uart_tx_end_session
    hx_board.o(i.brd_uart_tx_start_byte) refers to hx_cpu.o(i.cpu_uart_tx_start_byte) for cpu_uart_tx_start_byte
    hx_board.o(.constdata) refers to hx_board.o(.conststring) for .conststring
[...]
    rtentry.o(.ARM.Collect$$rtentry$$00000000) refers (Special) to rtentry2.o(.ARM.Collect$$rtentry$$0000000D) for __rt_entry_main
    rtentry.o(.ARM.Collect$$rtentry$$00000000) refers (Special) to rtentry2.o(.ARM.Collect$$rtentry$$0000000C) for __rt_entry_postli_1
    rtentry.o(.ARM.Collect$$rtentry$$00000000) refers (Special) to rtentry2.o(.ARM.Collect$$rtentry$$00000009) for __rt_entry_postsh_1
    rtentry.o(.ARM.Collect$$rtentry$$00000000) refers (Special) to rtentry2.o(.ARM.Collect$$rtentry$$00000002) for __rt_entry_presh_1
    rtentry.o(.ARM.Collect$$rtentry$$00000000) refers (Special) to rtentry4.o(.ARM.Collect$$rtentry$$00000004) for __rt_entry_sh
    aeabi_idiv0_sigfpe.o(.text) refers to rt_div0.o(.text) for __rt_div0
    _printf_intcommon.o(.text) refers (Weak) to _printf_pad.o(.text) for _printf_pre_padding
    _printf_intcommon.o(.text) refers to _printf_wctomb.o(i.__ARM_common_call_via_r2) for __ARM_common_call_via_r2
    _printf_intcommon.o(.text) refers (Weak) to _printf_pad.o(.text) for _printf_pre_padding
    _printf_intcommon.o(.text) refers (Weak) to _printf_pad.o(.text) for _printf_post_padding
    _printf_char_common.o(.text) refers to __printf_flags_ss_wp.o(.text) for __printf
    _printf_char.o(.text) refers (Weak) to _printf_str.o(.text) for _printf_str
    _printf_char_file.o(.text) refers to _printf_char_common.o(.text) for _printf_char_common
    _printf_char_file.o(.text) refers to jlink_dcc.o(i.ferror) for ferror
    _printf_char_file.o(.text) refers to jlink_dcc.o(i.fputc) for fputc
    _printf_wchar.o(.text) refers (Weak) to _printf_wctomb.o(.text) for _printf_wctomb
    _printf_f.o(.ARM.Collect$$_printf_percent$$00000003) refers (Weak) to printf1.o(x$fpl$printf1) for _printf_fp_dec
    _printf_e.o(.ARM.Collect$$_printf_percent$$00000004) refers (Weak) to printf1.o(x$fpl$printf1) for _printf_fp_dec
    _printf_g.o(.ARM.Collect$$_printf_percent$$00000005) refers (Weak) to printf1.o(x$fpl$printf1) for _printf_fp_dec
    _printf_a.o(.ARM.Collect$$_printf_percent$$00000006) refers (Weak) to printf2.o(x$fpl$printf2) for _printf_fp_hex
    _printf_ls.o(.ARM.Collect$$_printf_percent$$00000016) refers (Special) to _printf_l.o(.ARM.Collect$$_printf_percent$$00000012) for _printf_l
    _printf_ls.o(.ARM.Collect$$_printf_percent$$00000016) refers (Weak) to _printf_wchar.o(.text) for _printf_wstring
    scanf_char.o(.text) refers to _scanf.o(.text) for __vfscanf
    scanf_char.o(.text) refers to isspace.o(.text) for isspace
    _scanf_mbtowc.o(.text) refers to _scanf_mbtowc.o(i.__ARM_common_call_via_r1) for __ARM_common_call_via_r1
    _scanf_mbtowc.o(.text) refers to _mbrtowc.o(.text) for _mbrtowc
    _scanf_wctomb.o(.text) refers to _scanf_mbtowc.o(i.__ARM_common_call_via_r1) for __ARM_common_call_via_r1
    _scanf_wctomb.o(.text) refers to _wcrtomb.o(.text) for _wcrtomb
    _scanf_wctomb.o(.text) refers to _scanf_wcharmap.o(.text) for _scanf_wcharmap
    _scanf_wstr.o(.text) refers to _scanf_mbtowc.o(i.__ARM_common_call_via_r1) for __ARM_common_call_via_r1
    _scanf_wstr.o(.text) refers to _scanf_wcharmap.o(.text) for _scanf_wcharmap
    _wcrtomb.o(.text) refers to rt_ctype_table.o(.text) for __rt_ctype_table
    _wcrtomb.o(.text) refers to _wcrtomb.o(i.__ARM_common_call_via_r3) for __ARM_common_call_via_r3
    strtok_int.o(.text) refers to strspn.o(.text) for strspn
    strtok_int.o(.text) refers to strcspn.o(.text) for strcspn
    rt_memmove_w.o(.text) refers to rt_memcpy_w.o(.text) for __aeabi_memcpy4
    printf1.o(x$fpl$printf1) refers to _printf_fp_dec.o(.text) for _printf_fp_dec_real
    printf2.o(x$fpl$printf2) refers to _printf_fp_hex.o(.text) for _printf_fp_hex_real
    printf2b.o(x$fpl$printf2) refers to _printf_fp_hex.o(.text) for _printf_fp_hex_real
    scanf1.o(x$fpl$scanf1) refers to scanf_fp.o(.text) for _scanf_really_real
    rtentry2.o(.ARM.Collect$$rtentry$$00000008) refers to boardinit2.o(.text) for _platform_post_stackheap_init
    rtentry2.o(.ARM.Collect$$rtentry$$0000000A) refers to libinit.o(.ARM.Collect$$libinit$$00000000) for __rt_lib_init
    rtentry2.o(.ARM.Collect$$rtentry$$0000000B) refers to boardinit3.o(.text) for _platform_post_lib_init
    rtentry2.o(.ARM.Collect$$rtentry$$0000000D) refers to exit.o(.text) for exit
    rtentry2.o(.ARM.Collect$$rtentry$$0000000D) refers to main.o(i.main) for main
    rtentry2.o(.ARM.exidx) refers to rtentry2.o(.ARM.Collect$$rtentry$$00000001) for .ARM.Collect$$rtentry$$00000001
    rtentry2.o(.ARM.exidx) refers to rtentry2.o(.ARM.Collect$$rtentry$$00000008) for .ARM.Collect$$rtentry$$00000008
    rtentry2.o(.ARM.exidx) refers to rtentry2.o(.ARM.Collect$$rtentry$$0000000A) for .ARM.Collect$$rtentry$$0000000A
    rtentry2.o(.ARM.exidx) refers to rtentry2.o(.ARM.Collect$$rtentry$$0000000B) for .ARM.Collect$$rtentry$$0000000B
    rtentry2.o(.ARM.exidx) refers to rtentry2.o(.ARM.Collect$$rtentry$$0000000D) for .ARM.Collect$$rtentry$$0000000D
    rtentry4.o(.ARM.Collect$$rtentry$$00000004) refers to sys_stackheap_outer.o(.text) for __user_setup_stackheap
    rtentry4.o(.ARM.exidx) refers to rtentry4.o(.ARM.Collect$$rtentry$$00000004) for .ARM.Collect$$rtentry$$00000004
    rt_ctype_table.o(.text) refers to rt_locale_intlibspace.o(.text) for __rt_locale
    rt_ctype_table.o(.text) refers to lc_ctype_c.o(locale$$code) for _get_lc_ctype
    rt_div0.o(.text) refers to defsig_fpe_outer.o(.text) for __rt_SIGFPE
    isspace.o(.text) refers to rt_ctype_table.o(.text) for __rt_ctype_table
    _printf_fp_dec.o(.text) refers (Special) to usenofp.o(x$fpl$usenofp) for __I$use$fp
    _printf_fp_dec.o(.text) refers (Special) to lc_numeric_c.o(locale$$code) for _get_lc_numeric
    _printf_fp_dec.o(.text) refers to istatus.o(x$fpl$ieeestatus) for __ieee_status
    _printf_fp_dec.o(.text) refers to bigflt0.o(.text) for _btod_etento
    _printf_fp_dec.o(.text) refers to btod.o(CL$$btod_d2e) for _btod_d2e
    _printf_fp_dec.o(.text) refers to btod.o(CL$$btod_ediv) for _btod_ediv
    _printf_fp_dec.o(.text) refers to btod.o(CL$$btod_emul) for _btod_emul
    _printf_fp_dec.o(.text) refers to lludiv10.o(.text) for _ll_udiv10
    _printf_fp_dec.o(.text) refers to fpclassify.o(i.__ARM_fpclassify) for __ARM_fpclassify
    _printf_fp_dec.o(.text) refers to _printf_fp_infnan.o(.text) for _printf_fp_infnan
    _printf_fp_dec.o(.text) refers to rtudiv10.o(.text) for __rt_udiv10
    _printf_fp_dec.o(.text) refers (Weak) to _printf_pad.o(.text) for _printf_pre_padding
    _printf_fp_dec.o(.text) refers to _printf_wctomb.o(i.__ARM_common_call_via_r2) for __ARM_common_call_via_r2
    _printf_fp_dec.o(.text) refers (Weak) to _printf_pad.o(.text) for _printf_pre_padding
    _printf_fp_dec.o(.text) refers to rt_locale_intlibspace.o(.text) for __rt_locale
    _printf_fp_dec.o(.text) refers (Weak) to _printf_pad.o(.text) for _printf_post_padding
    _printf_fp_hex.o(.text) refers (Special) to usenofp.o(x$fpl$usenofp) for __I$use$fp
    _printf_fp_hex.o(.text) refers to fpclassify.o(i.__ARM_fpclassify) for __ARM_fpclassify
    _printf_fp_hex.o(.text) refers to _printf_fp_infnan.o(.text) for _printf_fp_infnan
    _printf_fp_hex.o(.text) refers to istatus.o(x$fpl$ieeestatus) for __ieee_status
    _printf_fp_hex.o(.text) refers to aeabi_sdiv.o(.text) for __aeabi_idivmod
    _printf_fp_hex.o(.text) refers (Weak) to _printf_pad.o(.text) for _printf_pre_padding
    _printf_fp_hex.o(.text) refers to _printf_wctomb.o(i.__ARM_common_call_via_r2) for __ARM_common_call_via_r2
    _printf_fp_hex.o(.text) refers (Weak) to _printf_pad.o(.text) for _printf_pre_padding
    _printf_fp_hex.o(.text) refers (Weak) to _printf_pad.o(.text) for _printf_post_padding
    _printf_fp_hex.o(.text) refers to _printf_fp_hex.o(.constdata) for .constdata
    _printf_fp_hex.o(.constdata) refers (Special) to usenofp.o(x$fpl$usenofp) for __I$use$fp
    __printf_nopercent.o(.text) refers to __printf_nopercent.o(i.__ARM_common_call_via_r7) for __ARM_common_call_via_r7
    __printf_nopercent.o(.text) refers to __printf_nopercent.o(i.__ARM_common_call_via_r5) for __ARM_common_call_via_r5
    _scanf.o(.text) refers to _printf_wctomb.o(i.__ARM_common_call_via_r2) for __ARM_common_call_via_r2
    _scanf.o(.text) refers to _scanf_mbtowc.o(i.__ARM_common_call_via_r1) for __ARM_common_call_via_r1
    _scanf.o(.text) refers (Weak) to scanf1.o(x$fpl$scanf1) for _scanf_real
    _scanf.o(.text) refers (Weak) to _scanf_longlong.o(.text) for _scanf_longlong
    _scanf.o(.text) refers (Weak) to _scanf_int.o(.text) for _scanf_int
    _scanf.o(.text) refers (Weak) to _scanf_wstr.o(.text) for _scanf_wstring
    _scanf.o(.text) refers (Weak) to _scanf_mbtowc.o(.text) for _scanf_mbtowc
    _scanf.o(.text) refers (Weak) to _scanf_str.o(.text) for _scanf_string
    _scanf.o(.text) refers (Weak) to _scanf_wctomb.o(.text) for _scanf_wctomb
    scanf_fp.o(.text) refers (Special) to usenofp.o(x$fpl$usenofp) for __I$use$fp
    scanf_fp.o(.text) refers (Special) to lc_numeric_c.o(locale$$code) for _get_lc_numeric
    scanf_fp.o(.text) refers to llmul.o(.text) for __aeabi_lmul
    scanf_fp.o(.text) refers to istatus.o(x$fpl$ieeestatus) for __ieee_status
    scanf_fp.o(.text) refers to rt_errno_addr_intlibspace.o(.text) for __aeabi_errno_addr
    scanf_fp.o(.text) refers to bigflt0.o(.text) for _btod_etento
    scanf_fp.o(.text) refers to btod.o(CL$$btod_emuld) for _btod_emuld
    scanf_fp.o(.text) refers to btod.o(CL$$btod_edivd) for _btod_edivd
    scanf_fp.o(.text) refers to rt_locale_intlibspace.o(.text) for __rt_locale
    scanf_fp.o(.text) refers to _scanf_mbtowc.o(i.__ARM_common_call_via_r1) for __ARM_common_call_via_r1
    scanf_fp.o(.text) refers to scanf2.o(x$fpl$scanf2) for _scanf_infnan
    scanf_fp.o(.text) refers to __printf_wp.o(i._is_digit) for _is_digit
    scanf_fp.o(.text) refers to fpconst.o(c$$dinf) for __huge_val
    scanf_fp.o(.text) refers to narrow.o(i.__mathlib_narrow) for __mathlib_narrow
    _mbrtowc.o(.text) refers to rt_ctype_table.o(.text) for __rt_ctype_table
    _mbrtowc.o(.text) refers to _wcrtomb.o(i.__ARM_common_call_via_r3) for __ARM_common_call_via_r3
    sys_stackheap_outer.o(.text) refers to libspace.o(.text) for __user_perproc_libspace
    sys_stackheap_outer.o(.text) refers to startup.o(.text) for __user_initial_stackheap
    rt_locale.o(.text) refers to rt_locale.o(.bss) for __rt_locale_data
    rt_locale_intlibspace.o(.text) refers to libspace.o(.bss) for __libspace_start
    rt_errno_addr.o(.text) refers to rt_errno_addr.o(.bss) for __aeabi_errno_addr_data
    rt_errno_addr_intlibspace.o(.text) refers to libspace.o(.bss) for __libspace_start
    _printf_fp_infnan.o(.text) refers (Weak) to _printf_pad.o(.text) for _printf_pre_padding
    _printf_fp_infnan.o(.text) refers to _printf_wctomb.o(i.__ARM_common_call_via_r2) for __ARM_common_call_via_r2
    _printf_fp_infnan.o(.text) refers (Weak) to _printf_pad.o(.text) for _printf_post_padding
    bigflt0.o(.text) refers (Special) to usenofp.o(x$fpl$usenofp) for __I$use$fp
    bigflt0.o(.text) refers to aeabi_sdiv.o(.text) for __aeabi_idivmod
    bigflt0.o(.text) refers to btod.o(CL$$btod_emul) for _btod_emul
    bigflt0.o(.text) refers to btod.o(CL$$btod_ediv) for _btod_ediv
    bigflt0.o(.text) refers to bigflt0.o(.constdata) for .constdata
    bigflt0.o(.constdata) refers (Special) to usenofp.o(x$fpl$usenofp) for __I$use$fp
    btod.o(CL$$btod_d2e) refers (Special) to usenofp.o(x$fpl$usenofp) for __I$use$fp
    btod.o(CL$$btod_d2e) refers to btod.o(CL$$btod_d2e_norm_op1) for _d2e_norm_op1
    btod.o(CL$$btod_d2e_norm_op1) refers (Special) to usenofp.o(x$fpl$usenofp) for __I$use$fp
    btod.o(CL$$btod_d2e_norm_op1) refers to btod.o(CL$$btod_d2e_denorm_low) for _d2e_denorm_low
    btod.o(CL$$btod_d2e_denorm_low) refers (Special) to usenofp.o(x$fpl$usenofp) for __I$use$fp
    btod.o(CL$$btod_emul) refers (Special) to usenofp.o(x$fpl$usenofp) for __I$use$fp
    btod.o(CL$$btod_emul) refers to btod.o(CL$$btod_mult_common) for __btod_mult_common
    btod.o(CL$$btod_emul) refers to btod.o(CL$$btod_e2e) for _e2e
    btod.o(CL$$btod_ediv) refers (Special) to usenofp.o(x$fpl$usenofp) for __I$use$fp
    btod.o(CL$$btod_ediv) refers to btod.o(CL$$btod_div_common) for __btod_div_common
    btod.o(CL$$btod_ediv) refers to btod.o(CL$$btod_e2e) for _e2e
    btod.o(CL$$btod_emuld) refers (Special) to usenofp.o(x$fpl$usenofp) for __I$use$fp
    btod.o(CL$$btod_emuld) refers to btod.o(CL$$btod_mult_common) for __btod_mult_common
    btod.o(CL$$btod_emuld) refers to btod.o(CL$$btod_e2d) for _e2d
    btod.o(CL$$btod_edivd) refers (Special) to usenofp.o(x$fpl$usenofp) for __I$use$fp
    btod.o(CL$$btod_edivd) refers to btod.o(CL$$btod_div_common) for __btod_div_common
    btod.o(CL$$btod_edivd) refers to btod.o(CL$$btod_e2d) for _e2d
    btod.o(CL$$btod_e2e) refers (Special) to usenofp.o(x$fpl$usenofp) for __I$use$fp
    btod.o(CL$$btod_e2d) refers (Special) to usenofp.o(x$fpl$usenofp) for __I$use$fp
    btod.o(CL$$btod_e2d) refers to btod.o(CL$$btod_e2e) for _e2e
    btod.o(CL$$btod_mult_common) refers (Special) to usenofp.o(x$fpl$usenofp) for __I$use$fp
    btod.o(CL$$btod_div_common) refers (Special) to usenofp.o(x$fpl$usenofp) for __I$use$fp
    lc_ctype_c.o(locale$$data) refers (Special) to libinit2.o(.ARM.Collect$$libinit$$00000010) for __rt_lib_init_lc_ctype_2
    lc_ctype_c.o(locale$$code) refers (Special) to libinit2.o(.ARM.Collect$$libinit$$00000010) for __rt_lib_init_lc_ctype_2
    lc_ctype_c.o(locale$$code) refers to strcmp.o(.text) for strcmp
    lc_ctype_c.o(locale$$code) refers to lc_ctype_c.o(locale$$data) for __lcctype_c_name
    lc_numeric_c.o(locale$$data) refers (Special) to libinit2.o(.ARM.Collect$$libinit$$00000014) for __rt_lib_init_lc_numeric_2
    lc_numeric_c.o(locale$$code) refers (Special) to libinit2.o(.ARM.Collect$$libinit$$00000014) for __rt_lib_init_lc_numeric_2
    lc_numeric_c.o(locale$$code) refers to strcmp.o(.text) for strcmp
    lc_numeric_c.o(locale$$code) refers to lc_numeric_c.o(locale$$data) for __lcnum_c_name
    exit.o(.text) refers to rtexit.o(.ARM.Collect$$rtexit$$00000000) for __rt_exit
    defsig_fpe_outer.o(.text) refers to defsig_fpe_inner.o(.text) for __rt_SIGFPE_inner
    defsig_fpe_outer.o(.text) refers to defsig_exit.o(.text) for __sig_exit
    defsig_fpe_formal.o(.text) refers to rt_raise.o(.text) for __rt_raise
    libinit.o(.ARM.Collect$$libinit$$00000000) refers (Special) to libinit2.o(.ARM.Collect$$libinit$$0000002C) for __rt_lib_init_alloca_1
    libinit.o(.ARM.Collect$$libinit$$00000000) refers (Special) to libinit2.o(.ARM.Collect$$libinit$$0000002A) for __rt_lib_init_argv_1
    libinit.o(.ARM.Collect$$libinit$$00000000) refers (Special) to libinit2.o(.ARM.Collect$$libinit$$00000019) for __rt_lib_init_atexit_1
    libinit.o(.ARM.Collect$$libinit$$00000000) refers (Special) to libinit2.o(.ARM.Collect$$libinit$$0000001F) for __rt_lib_init_clock_1
    libinit.o(.ARM.Collect$$libinit$$00000000) refers (Special) to libinit2.o(.ARM.Collect$$libinit$$00000030) for __rt_lib_init_cpp_1
    libinit.o(.ARM.Collect$$libinit$$00000000) refers (Special) to libinit2.o(.ARM.Collect$$libinit$$0000002E) for __rt_lib_init_exceptions_1
    libinit.o(.ARM.Collect$$libinit$$00000000) refers (Special) to libinit2.o(.ARM.Collect$$libinit$$00000002) for __rt_lib_init_fp_1
    libinit.o(.ARM.Collect$$libinit$$00000000) refers (Special) to libinit2.o(.ARM.Collect$$libinit$$0000001D) for __rt_lib_init_fp_trap_1
    libinit.o(.ARM.Collect$$libinit$$00000000) refers (Special) to libinit2.o(.ARM.Collect$$libinit$$00000021) for __rt_lib_init_getenv_1
    libinit.o(.ARM.Collect$$libinit$$00000000) refers (Special) to libinit2.o(.ARM.Collect$$libinit$$00000008) for __rt_lib_init_heap_1
    libinit.o(.ARM.Collect$$libinit$$00000000) refers (Special) to libinit2.o(.ARM.Collect$$libinit$$0000000F) for __rt_lib_init_lc_collate_1
    libinit.o(.ARM.Collect$$libinit$$00000000) refers (Special) to libinit2.o(.ARM.Collect$$libinit$$00000011) for __rt_lib_init_lc_ctype_1
    libinit.o(.ARM.Collect$$libinit$$00000000) refers (Special) to libinit2.o(.ARM.Collect$$libinit$$00000013) for __rt_lib_init_lc_monetary_1
    libinit.o(.ARM.Collect$$libinit$$00000000) refers (Special) to libinit2.o(.ARM.Collect$$libinit$$00000015) for __rt_lib_init_lc_numeric_1
    libinit.o(.ARM.Collect$$libinit$$00000000) refers (Special) to libinit2.o(.ARM.Collect$$libinit$$00000017) for __rt_lib_init_lc_time_1
    libinit.o(.ARM.Collect$$libinit$$00000000) refers (Special) to libinit2.o(.ARM.Collect$$libinit$$0000000C) for __rt_lib_init_rand_1
    libinit.o(.ARM.Collect$$libinit$$00000000) refers (Special) to libinit2.o(.ARM.Collect$$libinit$$00000031) for __rt_lib_init_return
    libinit.o(.ARM.Collect$$libinit$$00000000) refers (Special) to libinit2.o(.ARM.Collect$$libinit$$0000001B) for __rt_lib_init_signal_1
    libinit.o(.ARM.Collect$$libinit$$00000000) refers (Special) to libinit2.o(.ARM.Collect$$libinit$$00000023) for __rt_lib_init_stdio_1
    libinit.o(.ARM.Collect$$libinit$$00000000) refers (Special) to libinit2.o(.ARM.Collect$$libinit$$0000000A) for __rt_lib_init_user_alloc_1
    fpconst.o(c$$dinf) refers (Special) to usenofp.o(x$fpl$usenofp) for __I$use$fp
    fpconst.o(c$$dnan) refers (Special) to usenofp.o(x$fpl$usenofp) for __I$use$fp
    fpconst.o(c$$finf) refers (Special) to usenofp.o(x$fpl$usenofp) for __I$use$fp
    istatus.o(x$fpl$ieeestatus) refers (Special) to usenofp.o(x$fpl$usenofp) for __I$use$fp
    scanf2.o(x$fpl$scanf2) refers to scanf_hexfp.o(.text) for _scanf_really_hex_real
    scanf2.o(x$fpl$scanf2) refers to scanf_infnan.o(.text) for _scanf_really_infnan
    scanf2b.o(x$fpl$scanf2) refers to scanf_hexfp.o(.text) for _scanf_really_hex_real
    scanf2b.o(x$fpl$scanf2) refers to scanf_infnan.o(.text) for _scanf_really_infnan
    fpclassify.o(i.__ARM_fpclassify) refers (Special) to usenofp.o(x$fpl$usenofp) for __I$use$fp
    narrow.o(i.__mathlib_narrow) refers (Special) to usenofp.o(x$fpl$usenofp) for __I$use$fp
    narrow.o(i.__mathlib_narrow) refers to narrow.o(i.__mathlib_tofloat) for __mathlib_tofloat
    narrow.o(i.__mathlib_tofloat) refers (Special) to usenofp.o(x$fpl$usenofp) for __I$use$fp
    narrow.o(i.__mathlib_tofloat) refers to frexp.o(i.frexp) for frexp
    narrow.o(i.__mathlib_tofloat) refers to deqf.o(x$fpl$deqf) for __aeabi_cdcmpeq
    narrow.o(i.__mathlib_tofloat) refers to d2f.o(x$fpl$d2f) for __aeabi_d2f
    narrow.o(i.__mathlib_tofloat) refers to _rserrno.o(.text) for __set_errno
    narrow.o(i.__mathlib_tofloat) refers to drleqf.o(x$fpl$drleqf) for __aeabi_cdrcmple
    narrow.o(i.__softfp___mathlib_tofloat) refers (Special) to usenofp.o(x$fpl$usenofp) for __I$use$fp
    narrow.o(i.__softfp___mathlib_tofloat) refers to narrow.o(i.__mathlib_tofloat) for __mathlib_tofloat
    libspace.o(.text) refers to libspace.o(.bss) for __libspace_start
    rtexit.o(.ARM.Collect$$rtexit$$00000000) refers (Special) to rtexit2.o(.ARM.Collect$$rtexit$$00000004) for __rt_exit_exit
    rtexit.o(.ARM.Collect$$rtexit$$00000000) refers (Special) to rtexit2.o(.ARM.Collect$$rtexit$$00000003) for __rt_exit_ls
    rtexit.o(.ARM.Collect$$rtexit$$00000000) refers (Special) to rtexit2.o(.ARM.Collect$$rtexit$$00000002) for __rt_exit_prels_1
    rtexit.o(.ARM.exidx) refers (Special) to rtexit2.o(.ARM.Collect$$rtexit$$00000004) for __rt_exit_exit
    rtexit.o(.ARM.exidx) refers (Special) to rtexit2.o(.ARM.Collect$$rtexit$$00000003) for __rt_exit_ls
    rtexit.o(.ARM.exidx) refers (Special) to rtexit2.o(.ARM.Collect$$rtexit$$00000002) for __rt_exit_prels_1
    rtexit.o(.ARM.exidx) refers to rtexit.o(.ARM.Collect$$rtexit$$00000000) for .ARM.Collect$$rtexit$$00000000
    rt_raise.o(.text) refers to __raise.o(.text) for __raise
    rt_raise.o(.text) refers to sys_exit.o(.text) for _sys_exit
    _rserrno.o(.text) refers to rt_errno_addr_intlibspace.o(.text) for __aeabi_errno_addr
    scanf_hexfp.o(.text) refers to _scanf_mbtowc.o(i.__ARM_common_call_via_r1) for __ARM_common_call_via_r1
    scanf_hexfp.o(.text) refers to _chval.o(.text) for _chval
    scanf_hexfp.o(.text) refers to llshl.o(.text) for __aeabi_llsl
    scanf_hexfp.o(.text) refers to istatus.o(x$fpl$ieeestatus) for __ieee_status
    scanf_hexfp.o(.text) refers to ldexp.o(i.__support_ldexp) for __support_ldexp
    scanf_hexfp.o(.text) refers to narrow.o(i.__mathlib_narrow) for __mathlib_narrow
    scanf_infnan.o(.text) refers to _scanf_mbtowc.o(i.__ARM_common_call_via_r1) for __ARM_common_call_via_r1
    defsig_exit.o(.text) refers to sys_exit.o(.text) for _sys_exit
    defsig_fpe_inner.o(.text) refers to defsig_general.o(.text) for __default_signal_display
    libinit2.o(.ARM.Collect$$libinit$$00000001) refers to fpinit.o(x$fpl$fpinit) for _fp_init
    libinit2.o(.ARM.Collect$$libinit$$0000000D) refers (Weak) to rt_locale_intlibspace.o(.text) for __rt_locale
    libinit2.o(.ARM.Collect$$libinit$$0000000E) refers to libinit2.o(.ARM.Collect$$libinit$$0000000D) for .ARM.Collect$$libinit$$0000000D
    libinit2.o(.ARM.Collect$$libinit$$00000010) refers to libinit2.o(.ARM.Collect$$libinit$$0000000D) for .ARM.Collect$$libinit$$0000000D
    libinit2.o(.ARM.Collect$$libinit$$00000010) refers (Weak) to lc_ctype_c.o(locale$$code) for _get_lc_ctype
    libinit2.o(.ARM.Collect$$libinit$$00000012) refers to libinit2.o(.ARM.Collect$$libinit$$0000000D) for .ARM.Collect$$libinit$$0000000D
    libinit2.o(.ARM.Collect$$libinit$$00000014) refers to libinit2.o(.ARM.Collect$$libinit$$0000000D) for .ARM.Collect$$libinit$$0000000D
    libinit2.o(.ARM.Collect$$libinit$$00000014) refers (Weak) to lc_numeric_c.o(locale$$code) for _get_lc_numeric
    libinit2.o(.ARM.Collect$$libinit$$00000016) refers to libinit2.o(.ARM.Collect$$libinit$$0000000D) for .ARM.Collect$$libinit$$0000000D
    libinit2.o(.ARM.Collect$$libinit$$00000024) refers to argv_veneer.o(.emb_text) for __ARM_argv_veneer
    libinit2.o(.ARM.Collect$$libinit$$00000025) refers to argv_veneer.o(.emb_text) for __ARM_argv_veneer
    d2f.o(x$fpl$d2f) refers (Special) to usenofp.o(x$fpl$usenofp) for __I$use$fp
    d2f.o(x$fpl$d2f) refers to fretinf.o(x$fpl$fretinf) for __fpl_fretinf
    d2f.o(x$fpl$d2f) refers to dnaninf.o(x$fpl$dnaninf) for __fpl_dnaninf
    deqf.o(x$fpl$deqf) refers (Special) to usenofp.o(x$fpl$usenofp) for __I$use$fp
    deqf.o(x$fpl$deqf) refers to dnaninf.o(x$fpl$dnaninf) for __fpl_dnaninf
    deqf.o(x$fpl$deqf) refers to dcmpi.o(x$fpl$dcmpinf) for __fpl_dcmp_Inf
    drleqf.o(x$fpl$drleqf) refers (Special) to usenofp.o(x$fpl$usenofp) for __I$use$fp
    drleqf.o(x$fpl$drleqf) refers to dleqf.o(x$fpl$dleqf) for __fpl_dcmple_InfNaN
    frexp.o(i.__softfp_frexp) refers (Special) to usenofp.o(x$fpl$usenofp) for __I$use$fp
    frexp.o(i.__softfp_frexp) refers to scalbn.o(x$fpl$scalbn) for __ARM_scalbn
    frexp.o(i.frexp) refers (Special) to usenofp.o(x$fpl$usenofp) for __I$use$fp
    frexp.o(i.frexp) refers to scalbn.o(x$fpl$scalbn) for __ARM_scalbn
    sys_exit.o(.text) refers (Special) to use_no_semi.o(.text) for __I$use$semihosting
    sys_exit.o(.text) refers (Special) to indicate_semi.o(.text) for __semihosting_library_function
    rtexit2.o(.ARM.Collect$$rtexit$$00000003) refers to libshutdown.o(.ARM.Collect$$libshutdown$$00000000) for __rt_lib_shutdown
    rtexit2.o(.ARM.Collect$$rtexit$$00000004) refers to sys_exit.o(.text) for _sys_exit
    rtexit2.o(.ARM.exidx) refers to rtexit2.o(.ARM.Collect$$rtexit$$00000001) for .ARM.Collect$$rtexit$$00000001
    rtexit2.o(.ARM.exidx) refers to rtexit2.o(.ARM.Collect$$rtexit$$00000003) for .ARM.Collect$$rtexit$$00000003
    rtexit2.o(.ARM.exidx) refers to rtexit2.o(.ARM.Collect$$rtexit$$00000004) for .ARM.Collect$$rtexit$$00000004
    __raise.o(.text) refers to _printf_wctomb.o(i.__ARM_common_call_via_r2) for __ARM_common_call_via_r2
    __raise.o(.text) refers to defsig.o(CL$$defsig) for __default_signal_handler
    defsig_general.o(.text) refers to sys_wrch.o(.text) for _ttywrch
    argv_veneer.o(.emb_text) refers to no_argv.o(.text) for __ARM_get_argv
    dcmpi.o(x$fpl$dcmpinf) refers (Special) to usenofp.o(x$fpl$usenofp) for __I$use$fp
    dleqf.o(x$fpl$dleqf) refers (Special) to usenofp.o(x$fpl$usenofp) for __I$use$fp
    dleqf.o(x$fpl$dleqf) refers to dnaninf.o(x$fpl$dnaninf) for __fpl_dnaninf
    dleqf.o(x$fpl$dleqf) refers to dcmpi.o(x$fpl$dcmpinf) for __fpl_dcmp_Inf
    dnaninf.o(x$fpl$dnaninf) refers (Special) to usenofp.o(x$fpl$usenofp) for __I$use$fp
    fretinf.o(x$fpl$fretinf) refers (Special) to usenofp.o(x$fpl$usenofp) for __I$use$fp
    scalbn.o(x$fpl$scalbn) refers (Special) to usenofp.o(x$fpl$usenofp) for __I$use$fp
    scalbn.o(x$fpl$scalbn) refers to dcheck1.o(x$fpl$dcheck1) for __fpl_dcheck_NaN1
    ldexp.o(i.__softfp_ldexp) refers (Special) to usenofp.o(x$fpl$usenofp) for __I$use$fp
    ldexp.o(i.__softfp_ldexp) refers to ldexp.o(i.ldexp) for ldexp
    ldexp.o(i.__support_ldexp) refers (Special) to usenofp.o(x$fpl$usenofp) for __I$use$fp
    ldexp.o(i.__support_ldexp) refers to ldexp.o(i.ldexp) for ldexp
    ldexp.o(i.ldexp) refers (Special) to usenofp.o(x$fpl$usenofp) for __I$use$fp
    ldexp.o(i.ldexp) refers to deqf.o(x$fpl$deqf) for __aeabi_cdcmpeq
    ldexp.o(i.ldexp) refers to scalbn.o(x$fpl$scalbn) for __ARM_scalbn
    ldexp.o(i.ldexp) refers to _rserrno.o(.text) for __set_errno
    ldexp.o(i.ldexp) refers to dunder.o(i.__mathlib_dbl_underflow) for __mathlib_dbl_underflow
    ldexp_x.o(i.____softfp_ldexp$lsc) refers (Special) to usenofp.o(x$fpl$usenofp) for __I$use$fp
    ldexp_x.o(i.____softfp_ldexp$lsc) refers to ldexp_x.o(i.__ldexp$lsc) for __ldexp$lsc
    ldexp_x.o(i.____support_ldexp$lsc) refers (Special) to usenofp.o(x$fpl$usenofp) for __I$use$fp
    ldexp_x.o(i.____support_ldexp$lsc) refers to ldexp_x.o(i.__ldexp$lsc) for __ldexp$lsc
    ldexp_x.o(i.__ldexp$lsc) refers (Special) to usenofp.o(x$fpl$usenofp) for __I$use$fp
    ldexp_x.o(i.__ldexp$lsc) refers to deqf.o(x$fpl$deqf) for __aeabi_cdcmpeq
    ldexp_x.o(i.__ldexp$lsc) refers to scalbn.o(x$fpl$scalbn) for __ARM_scalbn
    ldexp_x.o(i.__ldexp$lsc) refers to _rserrno.o(.text) for __set_errno
    ldexp_x.o(i.__ldexp$lsc) refers to qnan.o(.constdata) for __mathlib_zero
    sys_wrch.o(.text) refers (Special) to use_no_semi.o(.text) for __I$use$semihosting
    sys_wrch.o(.text) refers (Special) to indicate_semi.o(.text) for __semihosting_library_function
    defsig.o(CL$$defsig) refers to defsig_fpe_inner.o(.text) for __rt_SIGFPE_inner
    defsig.o(CL$$defsig) refers to defsig_rtmem_inner.o(.text) for __rt_SIGRTMEM_inner
    _get_argv_nomalloc.o(.text) refers (Special) to hrguard.o(.text) for __heap_region$guard
    _get_argv_nomalloc.o(.text) refers to defsig_rtmem_outer.o(.text) for __rt_SIGRTMEM
    _get_argv_nomalloc.o(.text) refers to sys_command.o(.text) for _sys_command_string
    libshutdown.o(.ARM.Collect$$libshutdown$$00000000) refers (Special) to libshutdown2.o(.ARM.Collect$$libshutdown$$00000006) for __rt_lib_shutdown_fp_trap_1
    libshutdown.o(.ARM.Collect$$libshutdown$$00000000) refers (Special) to libshutdown2.o(.ARM.Collect$$libshutdown$$0000000E) for __rt_lib_shutdown_heap_1
    libshutdown.o(.ARM.Collect$$libshutdown$$00000000) refers (Special) to libshutdown2.o(.ARM.Collect$$libshutdown$$0000000F) for __rt_lib_shutdown_return
    libshutdown.o(.ARM.Collect$$libshutdown$$00000000) refers (Special) to libshutdown2.o(.ARM.Collect$$libshutdown$$00000009) for __rt_lib_shutdown_signal_1
    libshutdown.o(.ARM.Collect$$libshutdown$$00000000) refers (Special) to libshutdown2.o(.ARM.Collect$$libshutdown$$00000003) for __rt_lib_shutdown_stdio_1
    libshutdown.o(.ARM.Collect$$libshutdown$$00000000) refers (Special) to libshutdown2.o(.ARM.Collect$$libshutdown$$0000000B) for __rt_lib_shutdown_user_alloc_1
    dcheck1.o(x$fpl$dcheck1) refers (Special) to usenofp.o(x$fpl$usenofp) for __I$use$fp
    dcheck1.o(x$fpl$dcheck1) refers to retnan.o(x$fpl$retnan) for __fpl_return_NaN
    dunder.o(i.__mathlib_dbl_underflow) refers to scalbn.o(x$fpl$scalbn) for __ARM_scalbn
    qnan.o(.constdata) refers (Special) to usenofp.o(x$fpl$usenofp) for __I$use$fp
    sys_command.o(.text) refers (Special) to use_no_semi.o(.text) for __I$use$semihosting
    sys_command.o(.text) refers (Special) to indicate_semi.o(.text) for __semihosting_library_function
    defsig_abrt_inner.o(.text) refers to defsig_general.o(.text) for __default_signal_display
    defsig_rtred_inner.o(.text) refers to defsig_general.o(.text) for __default_signal_display
    defsig_rtmem_inner.o(.text) refers to defsig_general.o(.text) for __default_signal_display
    defsig_rtmem_outer.o(.text) refers to defsig_rtmem_inner.o(.text) for __rt_SIGRTMEM_inner
    defsig_rtmem_outer.o(.text) refers to defsig_exit.o(.text) for __sig_exit
    defsig_rtmem_formal.o(.text) refers to rt_raise.o(.text) for __rt_raise
    defsig_stak_inner.o(.text) refers to defsig_general.o(.text) for __default_signal_display
    defsig_pvfn_inner.o(.text) refers to defsig_general.o(.text) for __default_signal_display
    defsig_cppl_inner.o(.text) refers to defsig_general.o(.text) for __default_signal_display
    defsig_segv_inner.o(.text) refers to defsig_general.o(.text) for __default_signal_display
    defsig_other.o(.text) refers to defsig_general.o(.text) for __default_signal_display
    retnan.o(x$fpl$retnan) refers (Special) to usenofp.o(x$fpl$usenofp) for __I$use$fp
    retnan.o(x$fpl$retnan) refers to trapv.o(x$fpl$trapveneer) for __fpl_cmpreturn
    trapv.o(x$fpl$trapveneer) refers (Special) to usenofp.o(x$fpl$usenofp) for __I$use$fp
    _printf_wctomb.o(i.__ARM_common_call_via_r2) refers (Special) to _printf_wchar.o(.text) for _printf_lcs_common


==============================================================================

Removing Unused input sections from the image.

    Removing hx_atcmd.o(i.atc_default_init), (92 bytes).
    Removing hx_atcmd.o(i.atc_get_arg), (36 bytes).
    Removing hx_atcmd.o(i.atc_getc_block), (28 bytes).
    Removing hx_atcmd.o(i.atc_getc_noblock), (32 bytes).
    Removing hx_atcmd.o(i.atc_getc_timeout), (40 bytes).
    Removing hx_atcmd.o(i.atc_gets_block), (40 bytes).
    Removing hx_atcmd.o(i.atc_gets_noblock), (40 bytes).
    Removing hx_atcmd.o(i.atc_gets_timeout), (48 bytes).
    Removing hx_atcmd.o(i.atc_init), (68 bytes).
    Removing hx_atcmd.o(i.atc_poll), (1184 bytes).
    Removing hx_atcmd.o(i.atc_printf), (100 bytes).
    Removing hx_atcmd.o(i.atc_put), (32 bytes).
    Removing hx_atcmd.o(i.atc_putc), (32 bytes).
    Removing hx_atcmd.o(i.atc_puts), (32 bytes).
    Removing hx_atcmd.o(i.atc_reset), (72 bytes).
    Removing hx_atcmd.o(i.atc_rxclr), (24 bytes).
    Removing hx_atcmd.o(i.atc_send), (40 bytes).
    Removing hx_atcmd.o(i.atc_set_arg), (36 bytes).
    Removing hx_atcmd.o(.bss), (272 bytes).
    Removing hx_atcmd.o(.data), (8 bytes).
    Removing hx_board.o(i.HX_PARAM_LOADSTORE), (12 bytes).
    Removing hx_board.o(i.brd_dp_getc_noblock), (12 bytes).
    Removing hx_board.o(i.brd_dp_rxclr), (12 bytes).
    Removing hx_board.o(i.brd_dp_send), (12 bytes).
    Removing hx_board.o(i.brd_init), (80 bytes).
    Removing hx_board.o(i.brd_ioclr), (36 bytes).
    Removing hx_board.o(i.brd_ioctrl), (40 bytes).
    Removing hx_board.o(i.brd_iomode), (40 bytes).
    Removing hx_board.o(i.brd_ioset), (36 bytes).
    Removing hx_board.o(i.brd_ioval), (24 bytes).
    Removing hx_board.o(i.brd_uart_reopen), (40 bytes).
    Removing hx_board.o(i.brd_uart_tx_end_session), (24 bytes).
    Removing hx_board.o(i.brd_uart_tx_start_byte), (32 bytes).
    Removing hx_board.o(.constdata), (16 bytes).
    Removing hx_board.o(.conststring), (9 bytes).
    Removing hx_board.o(.data), (4 bytes).
    Removing hx_cpu.o(i.DisableUart), (128 bytes).
    Removing hx_cpu.o(i.EnableUart), (128 bytes).
    Removing hx_cpu.o(i.RTCHandler), (164 bytes).
    Removing hx_cpu.o(i.UART0Handler), (220 bytes).
    Removing hx_cpu.o(i.UART1Handler), (220 bytes).
    Removing hx_cpu.o(i.UART2Handler), (220 bytes).
    Removing hx_cpu.o(i.UART3Handler), (228 bytes).
    Removing hx_cpu.o(i.UART_Init), (640 bytes).
    Removing hx_cpu.o(i.brd_uart_rx_byte), (4 bytes).
    Removing hx_cpu.o(i.brd_uart_tx_byte), (4 bytes).
    Removing hx_cpu.o(i.cpu_get_tickcount), (88 bytes).
    Removing hx_cpu.o(i.cpu_init_tickcount_1m_by_pclk), (160 bytes).
    Removing hx_cpu.o(i.cpu_install_irq), (40 bytes).
    Removing hx_cpu.o(i.cpu_interrupt_ctrl), (52 bytes).
    Removing hx_cpu.o(i.cpu_ioclr), (36 bytes).
    Removing hx_cpu.o(i.cpu_ioctrl), (92 bytes).
    Removing hx_cpu.o(i.cpu_iomode), (76 bytes).
    Removing hx_cpu.o(i.cpu_ioset), (36 bytes).
    Removing hx_cpu.o(i.cpu_ioval), (28 bytes).
    Removing hx_cpu.o(i.cpu_uart_reopen), (60 bytes).
    Removing hx_cpu.o(i.cpu_uart_tx_end_session), (4 bytes).
    Removing hx_cpu.o(i.cpu_uart_tx_start_byte), (116 bytes).
    Removing hx_cpu.o(i.install_irq), (96 bytes).
    Removing hx_cpu.o(.constdata), (32 bytes).
    Removing hx_cpu.o(.data), (8 bytes).
    Removing hx_debug.o(i.HX_DBG_PRINT), (156 bytes).
    Removing hx_debug.o(i.dbg_config_dev), (16 bytes).
    Removing hx_debug.o(.data), (4 bytes).
    Removing hx_device.o(i.bdev_blank_read), (44 bytes).
    Removing hx_device.o(i.bdev_blank_write), (12 bytes).
    Removing hx_device.o(i.cdev_null_read), (40 bytes).
    Removing hx_device.o(i.cdev_null_write), (12 bytes).
    Removing hx_device.o(i.hx_close), (204 bytes).
    Removing hx_device.o(i.hx_device_init), (64 bytes).
    Removing hx_device.o(i.hx_devtbl_count), (56 bytes).
    Removing hx_device.o(i.hx_get_devtbl), (12 bytes).
    Removing hx_device.o(i.hx_open), (296 bytes).
    Removing hx_device.o(i.hx_read), (232 bytes).
    Removing hx_device.o(i.hx_register_device), (68 bytes).
    Removing hx_device.o(i.hx_write), (232 bytes).
    Removing hx_device.o(i.stdio_close), (32 bytes).
    Removing hx_device.o(i.stdio_open), (144 bytes).
    Removing hx_device.o(i.stdio_read), (52 bytes).
    Removing hx_device.o(i.stdio_write), (52 bytes).
    Removing hx_device.o(.bss), (256 bytes).
    Removing hx_device.o(.constdata), (96 bytes).
    Removing hx_device.o(.conststring), (17 bytes).
    Removing hx_device.o(.data), (4 bytes).
    Removing hx_term.o(i._hxt_gets_echo), (1544 bytes).
    Removing hx_term.o(i.add_a_cmd_str), (132 bytes).
    Removing hx_term.o(i.add_cmdl_buff), (152 bytes).
    Removing hx_term.o(i.calc_empty), (80 bytes).
    Removing hx_term.o(i.check_cmd_exsit), (12 bytes).
    Removing hx_term.o(i.del_a_cmd_str), (224 bytes).
    Removing hx_term.o(i.find_cmd), (372 bytes).
    Removing hx_term.o(i.find_zero_forward), (228 bytes).
    Removing hx_term.o(i.hx_get_arg), (160 bytes).
    Removing hx_term.o(i.hx_get_arg_bool), (128 bytes).
    Removing hx_term.o(i.hx_get_arg_int), (304 bytes).
    Removing hx_term.o(i.hx_isprint), (36 bytes).
    Removing hx_term.o(i.hxt_chch), (52 bytes).
    Removing hx_term.o(i.hxt_exec_cmd), (140 bytes).
    Removing hx_term.o(i.hxt_getc_noblock), (32 bytes).
    Removing hx_term.o(i.hxt_gets_echo), (336 bytes).
    Removing hx_term.o(i.hxt_gets_echo_noblock), (56 bytes).
    Removing hx_term.o(i.hxt_help), (168 bytes).
    Removing hx_term.o(i.hxt_printf), (76 bytes).
    Removing hx_term.o(i.hxt_put), (56 bytes).
    Removing hx_term.o(i.hxt_putc), (36 bytes).
    Removing hx_term.o(i.hxt_puts), (40 bytes).
    Removing hx_term.o(i.hxt_strtrim), (128 bytes).
    Removing hx_term.o(i.hxt_term_init), (132 bytes).
    Removing hx_term.o(i.hxt_term_polling), (128 bytes).
    Removing hx_term.o(i.hxt_term_run), (16 bytes).
    Removing hx_term.o(i.hxt_version), (116 bytes).
    Removing hx_term.o(i.last_cmd_str), (604 bytes).
    Removing hx_term.o(i.next_cmd_str), (240 bytes).
    Removing hx_term.o(.bss), (1088 bytes).
    Removing hx_term.o(.data), (20 bytes).
    Removing hx_term_cmds.o(i.hxt_clear), (40 bytes).
    Removing hx_term_cmds.o(i.hxt_cr), (60 bytes).
    Removing hx_term_cmds.o(i.hxt_demo), (12 bytes).
    Removing hx_term_cmds.o(i.hxt_ioclr), (36 bytes).
    Removing hx_term_cmds.o(i.hxt_ioctrl), (32 bytes).
    Removing hx_term_cmds.o(i.hxt_iomode), (32 bytes).
    Removing hx_term_cmds.o(i.hxt_ioset), (36 bytes).
    Removing hx_term_cmds.o(i.hxt_ioval), (256 bytes).
    Removing hx_term_cmds.o(i.hxt_list), (116 bytes).
    Removing hx_term_cmds.o(i.hxt_param), (456 bytes).
    Removing hx_term_cmds.o(i.hxt_reset), (36 bytes).
    Removing hx_term_cmds.o(i.hxt_wc), (432 bytes).
    Removing hx_term_cmds.o(i.hxt_write), (20 bytes).
    Removing hx_term_cmds.o(i.io_mode_ctrl), (296 bytes).
    Removing hx_term_cmds.o(i.io_set_clr), (164 bytes).
    Removing hx_term_cmds.o(i.next_value), (140 bytes).
    Removing hx_term_cmds.o(.constdata), (246 bytes).
    Removing hx_term_cmds.o(.conststring), (228 bytes).
    Removing hx_term_cmds.o(.data), (4 bytes).
    Removing hx_utils.o(i.HX_LSB_B2DW), (52 bytes).
    Removing hx_utils.o(i.HX_LSB_B2QW), (204 bytes).
    Removing hx_utils.o(i.HX_LSB_B2W), (40 bytes).
    Removing hx_utils.o(i.HX_LSB_DW2B), (44 bytes).
    Removing hx_utils.o(i.HX_LSB_QW2B), (92 bytes).
    Removing hx_utils.o(i.HX_LSB_W2B), (24 bytes).
    Removing hx_utils.o(i.HX_MSB_B2DW), (52 bytes).
    Removing hx_utils.o(i.HX_MSB_B2QW), (204 bytes).
    Removing hx_utils.o(i.HX_MSB_B2W), (40 bytes).
    Removing hx_utils.o(i.HX_MSB_DW2B), (44 bytes).
    Removing hx_utils.o(i.HX_MSB_QW2B), (92 bytes).
    Removing hx_utils.o(i.HX_MSB_W2B), (24 bytes).
    Removing hx_utils.o(i.bcd2int), (32 bytes).
    Removing hx_utils.o(i.hx_check_timeout), (76 bytes).
    Removing hx_utils.o(i.hx_check_timeout2), (96 bytes).
    Removing hx_utils.o(i.hx_check_timeout3), (104 bytes).
    Removing hx_utils.o(i.hx_delay_ms), (44 bytes).
    Removing hx_utils.o(i.hx_dumphex), (128 bytes).
    Removing hx_utils.o(i.hx_dumphex2str), (52 bytes).
    Removing hx_utils.o(i.hx_get_gpclk), (148 bytes).
    Removing hx_utils.o(i.hx_get_tick_count), (16 bytes).
    Removing hx_utils.o(i.hx_hexcode2bin), (128 bytes).
    Removing hx_utils.o(i.hx_init_tickcount), (24 bytes).
    Removing hx_utils.o(i.hx_str2value), (1208 bytes).
    Removing hx_utils.o(i.hx_strtrim), (32 bytes).
    Removing hx_utils.o(i.hx_strtrim2), (124 bytes).
    Removing hx_utils.o(i.hx_utils_init), (104 bytes).
    Removing hx_utils.o(i.hx_value2str), (1292 bytes).
    Removing hx_utils.o(i.int2bcd), (60 bytes).
    Removing hx_utils.o(i.make_bcc), (56 bytes).
    Removing hx_utils.o(i.make_bcc2), (36 bytes).
    Removing hx_utils.o(i.pk_add), (48 bytes).
    Removing hx_utils.o(i.pk_fill), (48 bytes).
    Removing hx_utils.o(i.pk_get), (48 bytes).
    Removing hx_utils.o(i.ymd2days), (148 bytes).
    Removing hx_utils.o(i.ymdbcd2days), (88 bytes).
    Removing hx_utils.o(i.ymdhms2sec), (100 bytes).
    Removing hx_utils.o(i.ymdhmsbcd2sec), (144 bytes).
    Removing hx_utils.o(.constdata), (64 bytes).
    Removing hx_utils.o(.data), (4 bytes).
    Removing hx_ver_def.o(i.hx_ver_init), (16 bytes).
    Removing hx_ver_def.o(.constdata), (28 bytes).
    Removing hx_ver_def.o(.conststring), (100 bytes).
    Removing hx_ver_def.o(.data), (4 bytes).
    Removing hxd_uart.o(i.hxd_uart_close), (40 bytes).
    Removing hxd_uart.o(i.hxd_uart_open), (104 bytes).
    Removing hxd_uart.o(i.hxd_uart_read), (204 bytes).
    Removing hxd_uart.o(i.hxd_uart_rx_byte), (76 bytes).
    Removing hxd_uart.o(i.hxd_uart_tx_byte), (120 bytes).
    Removing hxd_uart.o(i.hxd_uart_write), (228 bytes).
    Removing hxd_uart.o(i.uart_getc_noblock), (152 bytes).
    Removing hxd_uart.o(i.wait_last_trans_complete), (96 bytes).
    Removing hxl_serial.o(i.hx_isprint), (36 bytes).
    Removing hxl_serial.o(i.hxl_getc_block), (56 bytes).
    Removing hxl_serial.o(i.hxl_getc_noblock), (60 bytes).
    Removing hxl_serial.o(i.hxl_getc_timeout), (84 bytes).
    Removing hxl_serial.o(i.hxl_gets_block), (64 bytes).
    Removing hxl_serial.o(i.hxl_gets_noblock), (364 bytes).
    Removing hxl_serial.o(i.hxl_gets_timeout), (92 bytes).
    Removing hxl_serial.o(i.hxl_open_stdio), (56 bytes).
    Removing hxl_serial.o(i.hxl_open_uart), (72 bytes).
    Removing hxl_serial.o(i.hxl_printf), (100 bytes).
    Removing hxl_serial.o(i.hxl_put), (48 bytes).
    Removing hxl_serial.o(i.hxl_putc), (44 bytes).
    Removing hxl_serial.o(i.hxl_puts), (48 bytes).
    Removing hxl_serial.o(i.hxl_rxclr), (44 bytes).
    Removing hxl_serial.o(i.hxl_send), (40 bytes).
    Removing hxl_serial.o(.bss), (512 bytes).
    Removing hxl_serial.o(.data), (4 bytes).
    Removing jlink_dcc.o(i._ReadDCC), (12 bytes).
    Removing jlink_dcc.o(i._ReadDCCStat), (12 bytes).
    Removing jlink_dcc.o(i._WriteDCC), (8 bytes).
    Removing jlink_dcc.o(i._fputc), (100 bytes).
    Removing jlink_dcc.o(i.fclose), (12 bytes).
    Removing jlink_dcc.o(i.ferror), (12 bytes).
    Removing jlink_dcc.o(i.fflush), (12 bytes).
    Removing jlink_dcc.o(i.fgetc), (24 bytes).
    Removing jlink_dcc.o(i.fgetc_block), (44 bytes).
    Removing jlink_dcc.o(i.fgetc_noblock), (52 bytes).
    Removing jlink_dcc.o(i.fputc), (68 bytes).
    Removing jlink_dcc.o(i.fseek), (12 bytes).
    Removing jlink_dcc.o(i.jlink_dcc_getc), (76 bytes).
    Removing jlink_dcc.o(i.jlink_dcc_putc), (68 bytes).
    Removing jlink_dcc.o(.data), (12 bytes).
    Removing me3630.o(i._init), (228 bytes).
    Removing me3630.o(i.check_zipcall), (84 bytes).
    Removing me3630.o(i.check_zipstat), (100 bytes).
    Removing me3630.o(i.on_csq), (112 bytes).
    Removing me3630.o(.constdata), (384 bytes).
    Removing me3630.o(.conststring), (102 bytes).
    Removing mg3732.o(i._init), (188 bytes).
    Removing mg3732.o(i.check_zipcall), (72 bytes).
    Removing mg3732.o(i.check_zipstat), (100 bytes).
    Removing mg3732.o(.constdata), (344 bytes).
    Removing mg3732.o(.conststring), (82 bytes).
    Removing ne4110s.o(i._init), (332 bytes).
    Removing ne4110s.o(i._reset), (20 bytes).
    Removing ne4110s.o(i.ne4110_config), (732 bytes).
    Removing ne4110s.o(i.ne4110_enter_cmdmode), (116 bytes).
    Removing ne4110s.o(i.ne4110_leave_cmdmode), (152 bytes).
    Removing ne4110s.o(i.ne4110_read_cmd), (164 bytes).
    Removing ne4110s.o(i.ne4110_reset), (68 bytes).
    Removing ne4110s.o(i.ne4110_write_cmd), (136 bytes).
    Removing ne4110s.o(.constdata), (340 bytes).
    Removing rak415.o(i._init), (176 bytes).
    Removing rak415.o(i._reset), (20 bytes).
    Removing rak415.o(i._state), (16 bytes).
    Removing rak415.o(i.rak415_enter_cmdmode), (220 bytes).
    Removing rak415.o(i.rak415_init), (296 bytes).
    Removing rak415.o(i.rak415_leave_cmdmode), (152 bytes).
    Removing rak415.o(i.rak415_reset), (156 bytes).
    Removing rak415.o(i.rak415_rssi), (284 bytes).
    Removing rak415.o(i.rak415_write_config), (184 bytes).
    Removing rak415.o(.constdata), (224 bytes).
    Removing rak415.o(.conststring), (224 bytes).
    Removing rak415.o(.data), (4 bytes).
    Removing sim800c.o(i._init), (132 bytes).
    Removing sim800c.o(i.check_connect), (104 bytes).
    Removing sim800c.o(i.check_csq), (112 bytes).
    Removing sim800c.o(.constdata), (364 bytes).
    Removing sim800c.o(.conststring), (117 bytes).
    Removing sim7100c.o(i._init), (228 bytes).
    Removing sim7100c.o(i.on_connect), (140 bytes).
    Removing sim7100c.o(i.on_csq), (112 bytes).
    Removing sim7100c.o(i.on_netopen), (120 bytes).
    Removing sim7100c.o(.constdata), (424 bytes).
    Removing sim7100c.o(.conststring), (158 bytes).
    Removing sim7600c.o(i._init), (228 bytes).
    Removing sim7600c.o(i.on_connect), (140 bytes).
    Removing sim7600c.o(i.on_csq), (112 bytes).
    Removing sim7600c.o(i.on_netopen), (120 bytes).
    Removing sim7600c.o(.constdata), (404 bytes).
    Removing sim7600c.o(.conststring), (142 bytes).

267 unused section(s) (total 34893 bytes) removed from the image.

==============================================================================

Adding Veneers to the image

    Adding AT veneer (8 bytes, Inline) for call to '__rt_lib_init' from rtentry2.o(.ARM.Collect$$rtentry$$0000000A).
    Adding AT veneer (8 bytes, Inline) for call to '__rt_lib_shutdown' from rtexit2.o(.ARM.Collect$$rtexit$$00000003).
    Adding TA veneer (4 bytes, Inline) for call to '__rt_exit' from exit.o(.text).
    Adding AT veneer (8 bytes, Inline) for call to '_sys_exit' from rtexit2.o(.ARM.Collect$$rtexit$$00000004).

4 Veneer(s) (total 28 bytes) added to the image.

==============================================================================

Image Symbol Table

    Local Symbols

    Symbol Name                              Value     Ov Type        Size  Object(Section)

    RESET                                    0x00000000   Section      272  startup.o(RESET)
    ../clib/angel/boardlib.s                 0x00000000   Number         0  boardshut.o ABSOLUTE
    ../clib/angel/boardlib.s                 0x00000000   Number         0  boardinit3.o ABSOLUTE
    ../clib/angel/boardlib.s                 0x00000000   Number         0  boardinit2.o ABSOLUTE
    ../clib/angel/boardlib.s                 0x00000000   Number         0  boardinit1.o ABSOLUTE
    ../clib/angel/handlers.s                 0x00000000   Number         0  __scatter_zi.o ABSOLUTE
    ../clib/angel/kernel.s                   0x00000000   Number         0  rtexit.o ABSOLUTE
    ../clib/angel/kernel.s                   0x00000000   Number         0  rtentry4.o ABSOLUTE
    ../clib/angel/kernel.s                   0x00000000   Number         0  rtexit2.o ABSOLUTE
    ../clib/angel/kernel.s                   0x00000000   Number         0  rtentry.o ABSOLUTE
    ../clib/angel/kernel.s                   0x00000000   Number         0  rtentry2.o ABSOLUTE
    ../clib/angel/rt.s                       0x00000000   Number         0  rt_locale_intlibspace.o ABSOLUTE
    ../clib/angel/rt.s                       0x00000000   Number         0  rt_errno_addr.o ABSOLUTE
    ../clib/angel/rt.s                       0x00000000   Number         0  rt_raise.o ABSOLUTE
    ../clib/angel/rt.s                       0x00000000   Number         0  rt_locale.o ABSOLUTE
    ../clib/angel/rt.s                       0x00000000   Number         0  aeabi_idiv0_sigfpe.o ABSOLUTE
    ../clib/angel/rt.s                       0x00000000   Number         0  rt_div0.o ABSOLUTE
    ../clib/angel/rt.s                       0x00000000   Number         0  aeabi_idiv0.o ABSOLUTE
    ../clib/angel/rt.s                       0x00000000   Number         0  rt_ctype_table.o ABSOLUTE
    ../clib/angel/rt.s                       0x00000000   Number         0  rt_errno_addr_intlibspace.o ABSOLUTE
    ../clib/angel/scatter.s                  0x00000000   Number         0  __scatter.o ABSOLUTE
    ../clib/angel/startup.s                  0x00000000   Number         0  __main.o ABSOLUTE
    ../clib/angel/sys.s                      0x00000000   Number         0  sys_stackheap_outer.o ABSOLUTE
    ../clib/angel/sys.s                      0x00000000   Number         0  libspace.o ABSOLUTE
    ../clib/angel/sys.s                      0x00000000   Number         0  indicate_semi.o ABSOLUTE
    ../clib/angel/sys.s                      0x00000000   Number         0  use_no_semi.o ABSOLUTE
    ../clib/angel/sysapp.c                   0x00000000   Number         0  sys_wrch.o ABSOLUTE
    ../clib/angel/sysapp.c                   0x00000000   Number         0  sys_exit.o ABSOLUTE
    ../clib/angel/sysapp.c                   0x00000000   Number         0  sys_command.o ABSOLUTE
    ../clib/armsys.c                         0x00000000   Number         0  _get_argv_nomalloc.o ABSOLUTE
    ../clib/armsys.c                         0x00000000   Number         0  argv_veneer.o ABSOLUTE
    ../clib/armsys.c                         0x00000000   Number         0  argv_veneer.o ABSOLUTE
    ../clib/armsys.c                         0x00000000   Number         0  no_argv.o ABSOLUTE
    ../clib/bigflt.c                         0x00000000   Number         0  bigflt0.o ABSOLUTE
    ../clib/btod.s                           0x00000000   Number         0  btod.o ABSOLUTE
    ../clib/ctype.c                          0x00000000   Number         0  isspace.o ABSOLUTE
    ../clib/division.s                       0x00000000   Number         0  rtudiv10.o ABSOLUTE
    ../clib/division.s                       0x00000000   Number         0  aeabi_sdiv.o ABSOLUTE
    ../clib/division.s                       0x00000000   Number         0  aeabi_sdiv_div0.o ABSOLUTE
    ../clib/divrt.s                          0x00000000   Number         0  divrt_7tdmi_div0.o ABSOLUTE
    ../clib/divrt.s                          0x00000000   Number         0  divrt_7tdmi.o ABSOLUTE
    ../clib/fenv.c                           0x00000000   Number         0  _rserrno.o ABSOLUTE
    ../clib/heapalloc.c                      0x00000000   Number         0  hrguard.o ABSOLUTE
    ../clib/heapaux.c                        0x00000000   Number         0  heapauxi.o ABSOLUTE
    ../clib/libinit.s                        0x00000000   Number         0  libinit.o ABSOLUTE
    ../clib/libinit.s                        0x00000000   Number         0  libinit2.o ABSOLUTE
    ../clib/libinit.s                        0x00000000   Number         0  libshutdown.o ABSOLUTE
    ../clib/libinit.s                        0x00000000   Number         0  libshutdown2.o ABSOLUTE
    ../clib/locale.c                         0x00000000   Number         0  _mbrtowc.o ABSOLUTE
    ../clib/locale.c                         0x00000000   Number         0  _wcrtomb.o ABSOLUTE
    ../clib/locale.s                         0x00000000   Number         0  lc_numeric_c.o ABSOLUTE
    ../clib/locale.s                         0x00000000   Number         0  lc_ctype_c.o ABSOLUTE
    ../clib/longlong.s                       0x00000000   Number         0  llshl.o ABSOLUTE
    ../clib/longlong.s                       0x00000000   Number         0  llmul.o ABSOLUTE
    ../clib/longlong.s                       0x00000000   Number         0  lludiv10.o ABSOLUTE
    ../clib/memcpset.s                       0x00000000   Number         0  rt_memclr.o ABSOLUTE
    ../clib/memcpset.s                       0x00000000   Number         0  strncpy.o ABSOLUTE
    ../clib/memcpset.s                       0x00000000   Number         0  memset.o ABSOLUTE
    ../clib/memcpset.s                       0x00000000   Number         0  rt_memcpy_w.o ABSOLUTE
    ../clib/memcpset.s                       0x00000000   Number         0  rt_memmove.o ABSOLUTE
    ../clib/memcpset.s                       0x00000000   Number         0  rt_memmove_w.o ABSOLUTE
    ../clib/memcpset.s                       0x00000000   Number         0  strcmp.o ABSOLUTE
    ../clib/memcpset.s                       0x00000000   Number         0  rt_memclr_w.o ABSOLUTE
    ../clib/memcpset.s                       0x00000000   Number         0  memcpy.o ABSOLUTE
    ../clib/memcpset.s                       0x00000000   Number         0  rt_memcpy.o ABSOLUTE
    ../clib/misc.s                           0x00000000   Number         0  printf_stubs.o ABSOLUTE
    ../clib/printf.c                         0x00000000   Number         0  noretval__2printf.o ABSOLUTE
    ../clib/printf.c                         0x00000000   Number         0  noretval__2fprintf.o ABSOLUTE
    ../clib/printf.c                         0x00000000   Number         0  noretval__2sprintf.o ABSOLUTE
    ../clib/printf.c                         0x00000000   Number         0  __printf.o ABSOLUTE
    ../clib/printf.c                         0x00000000   Number         0  _printf_pad.o ABSOLUTE
    ../clib/printf.c                         0x00000000   Number         0  _printf_truncate.o ABSOLUTE
    ../clib/printf.c                         0x00000000   Number         0  _printf_str.o ABSOLUTE
    ../clib/printf.c                         0x00000000   Number         0  _printf_dec.o ABSOLUTE
    ../clib/printf.c                         0x00000000   Number         0  _printf_charcount.o ABSOLUTE
    ../clib/printf.c                         0x00000000   Number         0  _printf_wctomb.o ABSOLUTE
    ../clib/printf.c                         0x00000000   Number         0  _printf_longlong_dec.o ABSOLUTE
    ../clib/printf.c                         0x00000000   Number         0  _printf_oct_ll.o ABSOLUTE
    ../clib/printf.c                         0x00000000   Number         0  _printf_oct_int.o ABSOLUTE
    ../clib/printf.c                         0x00000000   Number         0  _printf_oct_int_ll.o ABSOLUTE
    ../clib/printf.c                         0x00000000   Number         0  _printf_hex_ll.o ABSOLUTE
    ../clib/printf.c                         0x00000000   Number         0  _printf_hex_int.o ABSOLUTE
    ../clib/printf.c                         0x00000000   Number         0  _printf_hex_int_ll.o ABSOLUTE
    ../clib/printf.c                         0x00000000   Number         0  _printf_hex_ptr.o ABSOLUTE
    ../clib/printf.c                         0x00000000   Number         0  _printf_hex_int_ptr.o ABSOLUTE
    ../clib/printf.c                         0x00000000   Number         0  _printf_hex_ll_ptr.o ABSOLUTE
    ../clib/printf.c                         0x00000000   Number         0  _printf_hex_int_ll_ptr.o ABSOLUTE
    ../clib/printf.c                         0x00000000   Number         0  __printf_flags.o ABSOLUTE
    ../clib/printf.c                         0x00000000   Number         0  __printf_ss.o ABSOLUTE
    ../clib/printf.c                         0x00000000   Number         0  __printf_flags_ss.o ABSOLUTE
    ../clib/printf.c                         0x00000000   Number         0  __printf_wp.o ABSOLUTE
    ../clib/printf.c                         0x00000000   Number         0  __printf_flags_wp.o ABSOLUTE
    ../clib/printf.c                         0x00000000   Number         0  __printf_ss_wp.o ABSOLUTE
    ../clib/printf.c                         0x00000000   Number         0  __printf_flags_ss_wp.o ABSOLUTE
    ../clib/printf.c                         0x00000000   Number         0  vsprintf.o ABSOLUTE
    ../clib/printf.c                         0x00000000   Number         0  _printf_intcommon.o ABSOLUTE
    ../clib/printf.c                         0x00000000   Number         0  _printf_char_common.o ABSOLUTE
    ../clib/printf.c                         0x00000000   Number         0  _sputc.o ABSOLUTE
    ../clib/printf.c                         0x00000000   Number         0  _printf_char.o ABSOLUTE
    ../clib/printf.c                         0x00000000   Number         0  _printf_char_file.o ABSOLUTE
    ../clib/printf.c                         0x00000000   Number         0  _printf_wchar.o ABSOLUTE
    ../clib/printf.c                         0x00000000   Number         0  _printf_fp_infnan.o ABSOLUTE
    ../clib/printf.c                         0x00000000   Number         0  __printf_nopercent.o ABSOLUTE
    ../clib/printf.c                         0x00000000   Number         0  _printf_fp_hex.o ABSOLUTE
    ../clib/printf.c                         0x00000000   Number         0  _printf_fp_dec.o ABSOLUTE
    ../clib/printf.c                         0x00000000   Number         0  __2printf.o ABSOLUTE
    ../clib/printf.c                         0x00000000   Number         0  __2fprintf.o ABSOLUTE
    ../clib/printf.c                         0x00000000   Number         0  __2sprintf.o ABSOLUTE
    ../clib/printf_percent.s                 0x00000000   Number         0  _printf_llo.o ABSOLUTE
    ../clib/printf_percent.s                 0x00000000   Number         0  _printf_lc.o ABSOLUTE
    ../clib/printf_percent.s                 0x00000000   Number         0  _printf_llu.o ABSOLUTE
    ../clib/printf_percent.s                 0x00000000   Number         0  _printf_lld.o ABSOLUTE
    ../clib/printf_percent.s                 0x00000000   Number         0  _printf_lli.o ABSOLUTE
    ../clib/printf_percent.s                 0x00000000   Number         0  _printf_percent.o ABSOLUTE
    ../clib/printf_percent.s                 0x00000000   Number         0  _printf_u.o ABSOLUTE
    ../clib/printf_percent.s                 0x00000000   Number         0  _printf_d.o ABSOLUTE
    ../clib/printf_percent.s                 0x00000000   Number         0  _printf_i.o ABSOLUTE
    ../clib/printf_percent.s                 0x00000000   Number         0  _printf_ll.o ABSOLUTE
    ../clib/printf_percent.s                 0x00000000   Number         0  _printf_o.o ABSOLUTE
    ../clib/printf_percent.s                 0x00000000   Number         0  _printf_n.o ABSOLUTE
    ../clib/printf_percent.s                 0x00000000   Number         0  _printf_s.o ABSOLUTE
    ../clib/printf_percent.s                 0x00000000   Number         0  _printf_l.o ABSOLUTE
    ../clib/printf_percent.s                 0x00000000   Number         0  _printf_ls.o ABSOLUTE
    ../clib/printf_percent.s                 0x00000000   Number         0  _printf_c.o ABSOLUTE
    ../clib/printf_percent.s                 0x00000000   Number         0  _printf_p.o ABSOLUTE
    ../clib/printf_percent.s                 0x00000000   Number         0  _printf_llx.o ABSOLUTE
    ../clib/printf_percent.s                 0x00000000   Number         0  _printf_x.o ABSOLUTE
    ../clib/printf_percent.s                 0x00000000   Number         0  _printf_f.o ABSOLUTE
    ../clib/printf_percent.s                 0x00000000   Number         0  _printf_e.o ABSOLUTE
    ../clib/printf_percent.s                 0x00000000   Number         0  _printf_g.o ABSOLUTE
    ../clib/printf_percent.s                 0x00000000   Number         0  _printf_a.o ABSOLUTE
    ../clib/printf_percent.s                 0x00000000   Number         0  _printf_percent_end.o ABSOLUTE
    ../clib/scanf.c                          0x00000000   Number         0  sscanf.o ABSOLUTE
    ../clib/scanf.c                          0x00000000   Number         0  __0sscanf.o ABSOLUTE
    ../clib/scanf.c                          0x00000000   Number         0  _scanf_longlong.o ABSOLUTE
    ../clib/scanf.c                          0x00000000   Number         0  _scanf_int.o ABSOLUTE
    ../clib/scanf.c                          0x00000000   Number         0  _scanf_str.o ABSOLUTE
    ../clib/scanf.c                          0x00000000   Number         0  scanf_hexfp.o ABSOLUTE
    ../clib/scanf.c                          0x00000000   Number         0  _scanf_mbtowc.o ABSOLUTE
    ../clib/scanf.c                          0x00000000   Number         0  _scanf_wctomb.o ABSOLUTE
    ../clib/scanf.c                          0x00000000   Number         0  _scanf_wstr.o ABSOLUTE
    ../clib/scanf.c                          0x00000000   Number         0  _chval.o ABSOLUTE
    ../clib/scanf.c                          0x00000000   Number         0  scanf_char.o ABSOLUTE
    ../clib/scanf.c                          0x00000000   Number         0  _scanf.o ABSOLUTE
    ../clib/scanf.c                          0x00000000   Number         0  scanf_fp.o ABSOLUTE
    ../clib/scanf.c                          0x00000000   Number         0  _scanf_wcharmap.o ABSOLUTE
    ../clib/scanf.c                          0x00000000   Number         0  scanf_infnan.o ABSOLUTE
    ../clib/scanf.c                          0x00000000   Number         0  _sgetc.o ABSOLUTE
    ../clib/signal.c                         0x00000000   Number         0  defsig_fpe_inner.o ABSOLUTE
    ../clib/signal.c                         0x00000000   Number         0  __raise.o ABSOLUTE
    ../clib/signal.c                         0x00000000   Number         0  defsig_general.o ABSOLUTE
    ../clib/signal.c                         0x00000000   Number         0  defsig_fpe_outer.o ABSOLUTE
    ../clib/signal.c                         0x00000000   Number         0  defsig_fpe_formal.o ABSOLUTE
    ../clib/signal.c                         0x00000000   Number         0  defsig_rtmem_inner.o ABSOLUTE
    ../clib/signal.c                         0x00000000   Number         0  defsig_abrt_inner.o ABSOLUTE
    ../clib/signal.c                         0x00000000   Number         0  defsig_rtred_inner.o ABSOLUTE
    ../clib/signal.c                         0x00000000   Number         0  defsig_rtmem_outer.o ABSOLUTE
    ../clib/signal.c                         0x00000000   Number         0  defsig_rtmem_formal.o ABSOLUTE
    ../clib/signal.c                         0x00000000   Number         0  defsig_stak_inner.o ABSOLUTE
    ../clib/signal.c                         0x00000000   Number         0  defsig_pvfn_inner.o ABSOLUTE
    ../clib/signal.c                         0x00000000   Number         0  defsig_cppl_inner.o ABSOLUTE
    ../clib/signal.c                         0x00000000   Number         0  defsig_segv_inner.o ABSOLUTE
    ../clib/signal.c                         0x00000000   Number         0  defsig_other.o ABSOLUTE
    ../clib/signal.c                         0x00000000   Number         0  defsig_exit.o ABSOLUTE
    ../clib/signal.s                         0x00000000   Number         0  defsig.o ABSOLUTE
    ../clib/stdio.c                          0x00000000   Number         0  fwrite.o ABSOLUTE
    ../clib/stdio.c                          0x00000000   Number         0  fread.o ABSOLUTE
    ../clib/stdlib.c                         0x00000000   Number         0  exit.o ABSOLUTE
    ../clib/string.c                         0x00000000   Number         0  strcspn.o ABSOLUTE
    ../clib/string.c                         0x00000000   Number         0  strtok.o ABSOLUTE
    ../clib/string.c                         0x00000000   Number         0  strchr.o ABSOLUTE
    ../clib/string.c                         0x00000000   Number         0  strstr.o ABSOLUTE
    ../clib/string.c                         0x00000000   Number         0  strlen.o ABSOLUTE
    ../clib/string.c                         0x00000000   Number         0  strcpy.o ABSOLUTE
    ../clib/string.c                         0x00000000   Number         0  strspn.o ABSOLUTE
    ../clib/string.c                         0x00000000   Number         0  memcmp.o ABSOLUTE
    ../clib/string.c                         0x00000000   Number         0  strtok_int.o ABSOLUTE
    ../fplib/d2f.s                           0x00000000   Number         0  d2f.o ABSOLUTE
    ../fplib/dcheck1.s                       0x00000000   Number         0  dcheck1.o ABSOLUTE
    ../fplib/dcmpi.s                         0x00000000   Number         0  dcmpi.o ABSOLUTE
    ../fplib/deqf.s                          0x00000000   Number         0  deqf.o ABSOLUTE
    ../fplib/dleqf.s                         0x00000000   Number         0  dleqf.o ABSOLUTE
    ../fplib/dnaninf.s                       0x00000000   Number         0  dnaninf.o ABSOLUTE
    ../fplib/drleqf.s                        0x00000000   Number         0  drleqf.o ABSOLUTE
    ../fplib/fpconst.s                       0x00000000   Number         0  fpconst.o ABSOLUTE
    ../fplib/fpinit.s                        0x00000000   Number         0  fpinit.o ABSOLUTE
    ../fplib/fretinf.s                       0x00000000   Number         0  fretinf.o ABSOLUTE
    ../fplib/istatus.s                       0x00000000   Number         0  istatus.o ABSOLUTE
    ../fplib/printf1.s                       0x00000000   Number         0  printf1.o ABSOLUTE
    ../fplib/printf2.s                       0x00000000   Number         0  printf2.o ABSOLUTE
    ../fplib/printf2a.s                      0x00000000   Number         0  printf2a.o ABSOLUTE
    ../fplib/printf2b.s                      0x00000000   Number         0  printf2b.o ABSOLUTE
    ../fplib/retnan.s                        0x00000000   Number         0  retnan.o ABSOLUTE
    ../fplib/scalbn.s                        0x00000000   Number         0  scalbn.o ABSOLUTE
    ../fplib/scanf1.s                        0x00000000   Number         0  scanf1.o ABSOLUTE
    ../fplib/scanf2.s                        0x00000000   Number         0  scanf2.o ABSOLUTE
    ../fplib/scanf2a.s                       0x00000000   Number         0  scanf2a.o ABSOLUTE
    ../fplib/scanf2b.s                       0x00000000   Number         0  scanf2b.o ABSOLUTE
    ../fplib/trapv.s                         0x00000000   Number         0  trapv.o ABSOLUTE
    ../fplib/usenofp.s                       0x00000000   Number         0  usenofp.o ABSOLUTE
    ../mathlib/dunder.c                      0x00000000   Number         0  dunder.o ABSOLUTE
    ../mathlib/fpclassify.c                  0x00000000   Number         0  fpclassify.o ABSOLUTE
    ../mathlib/frexp.c                       0x00000000   Number         0  frexp.o ABSOLUTE
    ../mathlib/ldexp.c                       0x00000000   Number         0  ldexp_x.o ABSOLUTE
    ../mathlib/ldexp.c                       0x00000000   Number         0  ldexp.o ABSOLUTE
    ../mathlib/narrow.c                      0x00000000   Number         0  narrow.o ABSOLUTE
    ../mathlib/qnan.c                        0x00000000   Number         0  qnan.o ABSOLUTE
    ..\hx_atcmd.c                            0x00000000   Number         0  hx_atcmd.o ABSOLUTE
    ..\hx_board.c                            0x00000000   Number         0  hx_board.o ABSOLUTE
    ..\hx_cpu.c                              0x00000000   Number         0  hx_cpu.o ABSOLUTE
    ..\hx_debug.c                            0x00000000   Number         0  hx_debug.o ABSOLUTE
    ..\hx_device.c                           0x00000000   Number         0  hx_device.o ABSOLUTE
    ..\hx_term.c                             0x00000000   Number         0  hx_term.o ABSOLUTE
    ..\hx_term_cmds.c                        0x00000000   Number         0  hx_term_cmds.o ABSOLUTE
    ..\hx_utils.c                            0x00000000   Number         0  hx_utils.o ABSOLUTE
    ..\hx_ver_def.c                          0x00000000   Number         0  hx_ver_def.o ABSOLUTE
    ..\hxd_uart.c                            0x00000000   Number         0  hxd_uart.o ABSOLUTE
    ..\hxl_serial.c                          0x00000000   Number         0  hxl_serial.o ABSOLUTE
    ..\jlink_dcc.c                           0x00000000   Number         0  jlink_dcc.o ABSOLUTE
    ..\me3630.c                              0x00000000   Number         0  me3630.o ABSOLUTE
    ..\mg3732.c                              0x00000000   Number         0  mg3732.o ABSOLUTE
    ..\ne4110s.c                             0x00000000   Number         0  ne4110s.o ABSOLUTE
    ..\rak415.c                              0x00000000   Number         0  rak415.o ABSOLUTE
    ..\sim7100c.c                            0x00000000   Number         0  sim7100c.o ABSOLUTE
    ..\sim7600c.c                            0x00000000   Number         0  sim7600c.o ABSOLUTE
    ..\sim800c.c                             0x00000000   Number         0  sim800c.o ABSOLUTE
    Startup.s                                0x00000000   Number         0  startup.o ABSOLUTE
    dc.s                                     0x00000000   Number         0  dc.o ABSOLUTE
    main.c                                   0x00000000   Number         0  main.o ABSOLUTE
    Undef_Handler                            0x00000040   ARM Code       4  startup.o(RESET)
    SWI_Handler                              0x00000044   ARM Code       4  startup.o(RESET)
    PAbt_Handler                             0x00000048   ARM Code       4  startup.o(RESET)
    DAbt_Handler                             0x0000004c   ARM Code       4  startup.o(RESET)
    IRQ_Handler                              0x00000050   ARM Code       4  startup.o(RESET)
    FIQ_Handler                              0x00000054   ARM Code       4  startup.o(RESET)
    !!!main                                  0x00000110   Section        8  __main.o(!!!main)
    !!!scatter                               0x00000118   Section       60  __scatter.o(!!!scatter)
    !!handler_zi                             0x00000154   Section       44  __scatter_zi.o(!!handler_zi)
    .ARM.Collect$$libinit$$00000000          0x00000188   Section        2  libinit.o(.ARM.Collect$$libinit$$00000000)
    .ARM.Collect$$libinit$$00000002          0x0000018a   Section        0  libinit2.o(.ARM.Collect$$libinit$$00000002)
    .ARM.Collect$$libinit$$00000008          0x0000018a   Section        0  libinit2.o(.ARM.Collect$$libinit$$00000008)
    .ARM.Collect$$libinit$$0000000A          0x0000018a   Section        0  libinit2.o(.ARM.Collect$$libinit$$0000000A)
    .ARM.Collect$$libinit$$0000000C          0x0000018a   Section        0  libinit2.o(.ARM.Collect$$libinit$$0000000C)
    .ARM.Collect$$libinit$$0000000F          0x0000018a   Section        0  libinit2.o(.ARM.Collect$$libinit$$0000000F)
    .ARM.Collect$$libinit$$00000011          0x0000018a   Section        0  libinit2.o(.ARM.Collect$$libinit$$00000011)
    .ARM.Collect$$libinit$$00000013          0x0000018a   Section        0  libinit2.o(.ARM.Collect$$libinit$$00000013)
    .ARM.Collect$$libinit$$00000015          0x0000018a   Section        0  libinit2.o(.ARM.Collect$$libinit$$00000015)
    .ARM.Collect$$libinit$$00000017          0x0000018a   Section        0  libinit2.o(.ARM.Collect$$libinit$$00000017)
    .ARM.Collect$$libinit$$00000019          0x0000018a   Section        0  libinit2.o(.ARM.Collect$$libinit$$00000019)
    .ARM.Collect$$libinit$$0000001B          0x0000018a   Section        0  libinit2.o(.ARM.Collect$$libinit$$0000001B)
    .ARM.Collect$$libinit$$0000001D          0x0000018a   Section        0  libinit2.o(.ARM.Collect$$libinit$$0000001D)
    .ARM.Collect$$libinit$$0000001F          0x0000018a   Section        0  libinit2.o(.ARM.Collect$$libinit$$0000001F)
    .ARM.Collect$$libinit$$00000021          0x0000018a   Section        0  libinit2.o(.ARM.Collect$$libinit$$00000021)
    .ARM.Collect$$libinit$$00000023          0x0000018a   Section        0  libinit2.o(.ARM.Collect$$libinit$$00000023)
    .ARM.Collect$$libinit$$0000002A          0x0000018a   Section        0  libinit2.o(.ARM.Collect$$libinit$$0000002A)
    .ARM.Collect$$libinit$$0000002C          0x0000018a   Section        0  libinit2.o(.ARM.Collect$$libinit$$0000002C)
    .ARM.Collect$$libinit$$0000002E          0x0000018a   Section        0  libinit2.o(.ARM.Collect$$libinit$$0000002E)
    .ARM.Collect$$libinit$$00000030          0x0000018a   Section        0  libinit2.o(.ARM.Collect$$libinit$$00000030)
    .ARM.Collect$$libinit$$00000031          0x0000018a   Section       12  libinit2.o(.ARM.Collect$$libinit$$00000031)
    .ARM.Collect$$libshutdown$$00000000      0x000001a0   Section        4  libshutdown.o(.ARM.Collect$$libshutdown$$00000000)
    .ARM.Collect$$libshutdown$$00000003      0x000001a4   Section        0  libshutdown2.o(.ARM.Collect$$libshutdown$$00000003)
    .ARM.Collect$$libshutdown$$00000006      0x000001a4   Section        0  libshutdown2.o(.ARM.Collect$$libshutdown$$00000006)
    .ARM.Collect$$libshutdown$$00000009      0x000001a4   Section        0  libshutdown2.o(.ARM.Collect$$libshutdown$$00000009)
    .ARM.Collect$$libshutdown$$0000000B      0x000001a4   Section        0  libshutdown2.o(.ARM.Collect$$libshutdown$$0000000B)
    .ARM.Collect$$libshutdown$$0000000E      0x000001a4   Section        0  libshutdown2.o(.ARM.Collect$$libshutdown$$0000000E)
    .ARM.Collect$$libshutdown$$0000000F      0x000001a4   Section        6  libshutdown2.o(.ARM.Collect$$libshutdown$$0000000F)
    .ARM.Collect$$rtentry$$00000000          0x000001ac   Section        0  rtentry.o(.ARM.Collect$$rtentry$$00000000)
    .ARM.Collect$$rtentry$$00000002          0x000001ac   Section        0  rtentry2.o(.ARM.Collect$$rtentry$$00000002)
    .ARM.Collect$$rtentry$$00000004          0x000001ac   Section        8  rtentry4.o(.ARM.Collect$$rtentry$$00000004)
    .ARM.Collect$$rtentry$$00000009          0x000001b4   Section        0  rtentry2.o(.ARM.Collect$$rtentry$$00000009)
    .ARM.Collect$$rtentry$$0000000A          0x000001b4   Section        4  rtentry2.o(.ARM.Collect$$rtentry$$0000000A)
    .ARM.Collect$$rtentry$$0000000C          0x000001b8   Section        0  rtentry2.o(.ARM.Collect$$rtentry$$0000000C)
    .ARM.Collect$$rtentry$$0000000D          0x000001b8   Section       40  rtentry2.o(.ARM.Collect$$rtentry$$0000000D)
    .ARM.Collect$$rtexit$$00000000           0x000001e4   Section        4  rtexit.o(.ARM.Collect$$rtexit$$00000000)
    .ARM.Collect$$rtexit$$00000002           0x000001e8   Section        0  rtexit2.o(.ARM.Collect$$rtexit$$00000002)
    .ARM.Collect$$rtexit$$00000003           0x000001e8   Section        4  rtexit2.o(.ARM.Collect$$rtexit$$00000003)
    .ARM.Collect$$rtexit$$00000004           0x000001ec   Section        8  rtexit2.o(.ARM.Collect$$rtexit$$00000004)
    .text                                    0x000001f4   Section       32  startup.o(.text)
    .text                                    0x00000214   Section        0  heapauxi.o(.text)
    .text                                    0x0000021c   Section       96  sys_stackheap_outer.o(.text)
    .text                                    0x0000027c   Section        0  exit.o(.text)
    .text                                    0x00000288   Section       12  libspace.o(.text)
    .text                                    0x0000029c   Section        0  sys_exit.o(.text)
    .text                                    0x000002a8   Section        4  use_no_semi.o(.text)
    .text                                    0x000002ac   Section        0  indicate_semi.o(.text)
    i.main                                   0x000002ac   Section        0  main.o(i.main)
    .bss                                     0x40000000   Section       96  libspace.o(.bss)
    HEAP                                     0x40000060   Section        0  startup.o(HEAP)
    STACK                                    0x40000060   Section     1160  startup.o(STACK)
    Heap_Mem                                 0x40000060   Data           0  startup.o(HEAP)
    Stack_Mem                                0x40000060   Data        1024  startup.o(STACK)
    Stack_Top                                0x400004e8   Data           0  startup.o(STACK)

    Global Symbols

    Symbol Name                              Value     Ov Type        Size  Object(Section)

    BuildAttributes$$THM_ISAv1$ARM_ISAv4$S$PE$A:L22$X:L11$S22$IEEE1$IW$USESV6$~STKCKD$USESV7$~SHL$OTIME$ROPI$IEEEX$EBA8$UX$STANDARDLIB$REQ8$PRES8$EABIv2 0x00000000   Number         0  anon$$obj.o ABSOLUTE
    __ARM_use_no_argv                        0x00000000   Number         0  main.o ABSOLUTE
    _printf_flags                            0x00000000   Number         0  printf_stubs.o ABSOLUTE
    _printf_return_value                     0x00000000   Number         0  printf_stubs.o ABSOLUTE
    _printf_sizespec                         0x00000000   Number         0  printf_stubs.o ABSOLUTE
    _printf_widthprec                        0x00000000   Number         0  printf_stubs.o ABSOLUTE
    __ARM_exceptions_init                     - Undefined Weak Reference
    __alloca_initialize                       - Undefined Weak Reference
    __cpp_initialize__aeabi_                  - Undefined Weak Reference
    __cxa_finalize                            - Undefined Weak Reference
    __sigvec_lookup                           - Undefined Weak Reference
    _atexit_init                              - Undefined Weak Reference
    _call_atexit_fns                          - Undefined Weak Reference
    _clock_init                               - Undefined Weak Reference
    _fp_trap_init                             - Undefined Weak Reference
    _fp_trap_shutdown                         - Undefined Weak Reference
    _get_lc_collate                           - Undefined Weak Reference
    _get_lc_monetary                          - Undefined Weak Reference
    _get_lc_time                              - Undefined Weak Reference
    _getenv_init                              - Undefined Weak Reference
    _handle_redirection                       - Undefined Weak Reference
    _init_alloc                               - Undefined Weak Reference
    _init_user_alloc                          - Undefined Weak Reference
    _initio                                   - Undefined Weak Reference
    _printf_mbtowc                            - Undefined Weak Reference
    _printf_wc                                - Undefined Weak Reference
    _rand_init                                - Undefined Weak Reference
    _signal_finish                            - Undefined Weak Reference
    _signal_init                              - Undefined Weak Reference
    _terminate_alloc                          - Undefined Weak Reference
    _terminate_user_alloc                     - Undefined Weak Reference
    _terminateio                              - Undefined Weak Reference
    Reset_Handler                            0x00000058   ARM Code       0  startup.o(RESET)
    __main                                   0x00000110   ARM Code       8  __main.o(!!!main)
    __scatterload                            0x00000118   ARM Code       0  __scatter.o(!!!scatter)
    __scatterload_rt2                        0x00000118   ARM Code      52  __scatter.o(!!!scatter)
    __scatterload_null                       0x0000012c   ARM Code       0  __scatter.o(!!!scatter)
    __scatterload_zeroinit                   0x00000154   ARM Code      44  __scatter_zi.o(!!handler_zi)
    Inline ARM to Thumb Veneer to __rt_lib_init 0x00000180   ARM Code       8  libinit.o(.ARM.Collect$$libinit$$00000000)
    __rt_lib_init                            0x00000189   Thumb Code     0  libinit.o(.ARM.Collect$$libinit$$00000000)
    __rt_lib_init_alloca_1                   0x0000018b   Thumb Code     0  libinit2.o(.ARM.Collect$$libinit$$0000002C)
    __rt_lib_init_argv_1                     0x0000018b   Thumb Code     0  libinit2.o(.ARM.Collect$$libinit$$0000002A)
    __rt_lib_init_atexit_1                   0x0000018b   Thumb Code     0  libinit2.o(.ARM.Collect$$libinit$$00000019)
    __rt_lib_init_clock_1                    0x0000018b   Thumb Code     0  libinit2.o(.ARM.Collect$$libinit$$0000001F)
    __rt_lib_init_cpp_1                      0x0000018b   Thumb Code     0  libinit2.o(.ARM.Collect$$libinit$$00000030)
    __rt_lib_init_exceptions_1               0x0000018b   Thumb Code     0  libinit2.o(.ARM.Collect$$libinit$$0000002E)
    __rt_lib_init_fp_1                       0x0000018b   Thumb Code     0  libinit2.o(.ARM.Collect$$libinit$$00000002)
    __rt_lib_init_fp_trap_1                  0x0000018b   Thumb Code     0  libinit2.o(.ARM.Collect$$libinit$$0000001D)
    __rt_lib_init_getenv_1                   0x0000018b   Thumb Code     0  libinit2.o(.ARM.Collect$$libinit$$00000021)
    __rt_lib_init_heap_1                     0x0000018b   Thumb Code     0  libinit2.o(.ARM.Collect$$libinit$$00000008)
    __rt_lib_init_lc_collate_1               0x0000018b   Thumb Code     0  libinit2.o(.ARM.Collect$$libinit$$0000000F)
    __rt_lib_init_lc_ctype_1                 0x0000018b   Thumb Code     0  libinit2.o(.ARM.Collect$$libinit$$00000011)
    __rt_lib_init_lc_monetary_1              0x0000018b   Thumb Code     0  libinit2.o(.ARM.Collect$$libinit$$00000013)
    __rt_lib_init_lc_numeric_1               0x0000018b   Thumb Code     0  libinit2.o(.ARM.Collect$$libinit$$00000015)
    __rt_lib_init_lc_time_1                  0x0000018b   Thumb Code     0  libinit2.o(.ARM.Collect$$libinit$$00000017)
    __rt_lib_init_rand_1                     0x0000018b   Thumb Code     0  libinit2.o(.ARM.Collect$$libinit$$0000000C)
    __rt_lib_init_return                     0x0000018b   Thumb Code     0  libinit2.o(.ARM.Collect$$libinit$$00000031)
    __rt_lib_init_signal_1                   0x0000018b   Thumb Code     0  libinit2.o(.ARM.Collect$$libinit$$0000001B)
    __rt_lib_init_stdio_1                    0x0000018b   Thumb Code     0  libinit2.o(.ARM.Collect$$libinit$$00000023)
    __rt_lib_init_user_alloc_1               0x0000018b   Thumb Code     0  libinit2.o(.ARM.Collect$$libinit$$0000000A)
    Inline ARM to Thumb Veneer to __rt_lib_shutdown 0x00000198   ARM Code       8  libshutdown.o(.ARM.Collect$$libshutdown$$00000000)
    __rt_lib_shutdown                        0x000001a1   Thumb Code     0  libshutdown.o(.ARM.Collect$$libshutdown$$00000000)
    __rt_lib_shutdown_fp_trap_1              0x000001a5   Thumb Code     0  libshutdown2.o(.ARM.Collect$$libshutdown$$00000006)
    __rt_lib_shutdown_heap_1                 0x000001a5   Thumb Code     0  libshutdown2.o(.ARM.Collect$$libshutdown$$0000000E)
    __rt_lib_shutdown_return                 0x000001a5   Thumb Code     0  libshutdown2.o(.ARM.Collect$$libshutdown$$0000000F)
    __rt_lib_shutdown_signal_1               0x000001a5   Thumb Code     0  libshutdown2.o(.ARM.Collect$$libshutdown$$00000009)
    __rt_lib_shutdown_stdio_1                0x000001a5   Thumb Code     0  libshutdown2.o(.ARM.Collect$$libshutdown$$00000003)
    __rt_lib_shutdown_user_alloc_1           0x000001a5   Thumb Code     0  libshutdown2.o(.ARM.Collect$$libshutdown$$0000000B)
    __rt_entry                               0x000001ac   ARM Code       0  rtentry.o(.ARM.Collect$$rtentry$$00000000)
    __rt_entry_presh_1                       0x000001ac   ARM Code       0  rtentry2.o(.ARM.Collect$$rtentry$$00000002)
    __rt_entry_sh                            0x000001ac   ARM Code       0  rtentry4.o(.ARM.Collect$$rtentry$$00000004)
    __rt_entry_li                            0x000001b4   ARM Code       0  rtentry2.o(.ARM.Collect$$rtentry$$0000000A)
    __rt_entry_postsh_1                      0x000001b4   ARM Code       0  rtentry2.o(.ARM.Collect$$rtentry$$00000009)
    __rt_entry_main                          0x000001b8   ARM Code       0  rtentry2.o(.ARM.Collect$$rtentry$$0000000D)
    __rt_entry_postli_1                      0x000001b8   ARM Code       0  rtentry2.o(.ARM.Collect$$rtentry$$0000000C)
    Inline Thumb to ARM Veneer to __rt_exit  0x000001e1   Thumb Code     4  rtexit.o(.ARM.Collect$$rtexit$$00000000)
    __rt_exit                                0x000001e4   ARM Code       0  rtexit.o(.ARM.Collect$$rtexit$$00000000)
    __rt_exit_ls                             0x000001e8   ARM Code       0  rtexit2.o(.ARM.Collect$$rtexit$$00000003)
    __rt_exit_prels_1                        0x000001e8   ARM Code       0  rtexit2.o(.ARM.Collect$$rtexit$$00000002)
    __rt_exit_exit                           0x000001ec   ARM Code       0  rtexit2.o(.ARM.Collect$$rtexit$$00000004)
    __user_initial_stackheap                 0x000001f4   ARM Code       0  startup.o(.text)
    __use_two_region_memory                  0x00000215   Thumb Code     2  heapauxi.o(.text)
    __rt_heap_escrow$2region                 0x00000217   Thumb Code     2  heapauxi.o(.text)
    __rt_heap_expand$2region                 0x00000219   Thumb Code     2  heapauxi.o(.text)
    __user_setup_stackheap                   0x0000021c   ARM Code      96  sys_stackheap_outer.o(.text)
    exit                                     0x0000027d   Thumb Code    12  exit.o(.text)
    __user_libspace                          0x00000288   ARM Code      12  libspace.o(.text)
    __user_perproc_libspace                  0x00000288   ARM Code       0  libspace.o(.text)
    __user_perthread_libspace                0x00000288   ARM Code       0  libspace.o(.text)
    Inline ARM to Thumb Veneer to _sys_exit  0x00000294   ARM Code       8  sys_exit.o(.text)
    _sys_exit                                0x0000029d   Thumb Code     8  sys_exit.o(.text)
    __I$use$semihosting                      0x000002a8   ARM Code       0  use_no_semi.o(.text)
    __use_no_semihosting_swi                 0x000002a8   ARM Code       4  use_no_semi.o(.text)
    __semihosting_library_function           0x000002ac   ARM Code       0  indicate_semi.o(.text)
    main                                     0x000002ac   ARM Code       8  main.o(i.main)
    Region$$Table$$Base                      0x000002b4   Number         0  anon$$obj.o(Region$$Table)
    Region$$Table$$Limit                     0x000002c4   Number         0  anon$$obj.o(Region$$Table)
    __libspace_start                         0x40000000   Data          96  libspace.o(.bss)
    __temporary_stack_top$libspace           0x40000060   Data           0  libspace.o(.bss)



==============================================================================

Memory Map of the image

  Image Entry point : 0x00000110

  Load Region LR_IROM1 (Base: 0x00000000, Size: 0x000002c4, Max: 0x00080000, ABSOLUTE)

    Execution Region ER_IROM1 (Base: 0x00000000, Size: 0x000002c4, Max: 0x00080000, ABSOLUTE)

    Base Addr    Size         Type   Attr      Idx    E Section Name        Object

    0x00000000   0x00000110   Code   RO            3    RESET               startup.o
    0x00000110   0x00000008   Code   RO         1828  * !!!main             c_t.l(__main.o)
    0x00000118   0x0000003c   Code   RO         2188    !!!scatter          c_t.l(__scatter.o)
    0x00000154   0x0000002c   Code   RO         2190    !!handler_zi        c_t.l(__scatter_zi.o)
    0x00000180   0x00000008   Ven    RO         1993    .ARM.Collect$$libinit$$00000000  c_t.l(libinit.o)
    0x00000188   0x00000002   Code   RO         1993    .ARM.Collect$$libinit$$00000000  c_t.l(libinit.o)
    0x0000018a   0x00000000   Code   RO         2032    .ARM.Collect$$libinit$$00000002  c_t.l(libinit2.o)
    0x0000018a   0x00000000   Code   RO         2035    .ARM.Collect$$libinit$$00000008  c_t.l(libinit2.o)
    0x0000018a   0x00000000   Code   RO         2037    .ARM.Collect$$libinit$$0000000A  c_t.l(libinit2.o)
    0x0000018a   0x00000000   Code   RO         2039    .ARM.Collect$$libinit$$0000000C  c_t.l(libinit2.o)
    0x0000018a   0x00000000   Code   RO         2042    .ARM.Collect$$libinit$$0000000F  c_t.l(libinit2.o)
    0x0000018a   0x00000000   Code   RO         2044    .ARM.Collect$$libinit$$00000011  c_t.l(libinit2.o)
    0x0000018a   0x00000000   Code   RO         2046    .ARM.Collect$$libinit$$00000013  c_t.l(libinit2.o)
    0x0000018a   0x00000000   Code   RO         2048    .ARM.Collect$$libinit$$00000015  c_t.l(libinit2.o)
    0x0000018a   0x00000000   Code   RO         2050    .ARM.Collect$$libinit$$00000017  c_t.l(libinit2.o)
    0x0000018a   0x00000000   Code   RO         2052    .ARM.Collect$$libinit$$00000019  c_t.l(libinit2.o)
    0x0000018a   0x00000000   Code   RO         2054    .ARM.Collect$$libinit$$0000001B  c_t.l(libinit2.o)
    0x0000018a   0x00000000   Code   RO         2056    .ARM.Collect$$libinit$$0000001D  c_t.l(libinit2.o)
    0x0000018a   0x00000000   Code   RO         2058    .ARM.Collect$$libinit$$0000001F  c_t.l(libinit2.o)
    0x0000018a   0x00000000   Code   RO         2060    .ARM.Collect$$libinit$$00000021  c_t.l(libinit2.o)
    0x0000018a   0x00000000   Code   RO         2062    .ARM.Collect$$libinit$$00000023  c_t.l(libinit2.o)
    0x0000018a   0x00000000   Code   RO         2066    .ARM.Collect$$libinit$$0000002A  c_t.l(libinit2.o)
    0x0000018a   0x00000000   Code   RO         2068    .ARM.Collect$$libinit$$0000002C  c_t.l(libinit2.o)
    0x0000018a   0x00000000   Code   RO         2070    .ARM.Collect$$libinit$$0000002E  c_t.l(libinit2.o)
    0x0000018a   0x00000000   Code   RO         2072    .ARM.Collect$$libinit$$00000030  c_t.l(libinit2.o)
    0x0000018a   0x0000000c   Code   RO         2073    .ARM.Collect$$libinit$$00000031  c_t.l(libinit2.o)
    0x00000196   0x00000002   PAD
    0x00000198   0x00000008   Ven    RO         2138    .ARM.Collect$$libshutdown$$00000000  c_t.l(libshutdown.o)
    0x000001a0   0x00000004   Code   RO         2138    .ARM.Collect$$libshutdown$$00000000  c_t.l(libshutdown.o)
    0x000001a4   0x00000000   Code   RO         2170    .ARM.Collect$$libshutdown$$00000003  c_t.l(libshutdown2.o)
    0x000001a4   0x00000000   Code   RO         2173    .ARM.Collect$$libshutdown$$00000006  c_t.l(libshutdown2.o)
    0x000001a4   0x00000000   Code   RO         2176    .ARM.Collect$$libshutdown$$00000009  c_t.l(libshutdown2.o)
    0x000001a4   0x00000000   Code   RO         2178    .ARM.Collect$$libshutdown$$0000000B  c_t.l(libshutdown2.o)
    0x000001a4   0x00000000   Code   RO         2181    .ARM.Collect$$libshutdown$$0000000E  c_t.l(libshutdown2.o)
    0x000001a4   0x00000006   Code   RO         2182    .ARM.Collect$$libshutdown$$0000000F  c_t.l(libshutdown2.o)
    0x000001aa   0x00000002   PAD
    0x000001ac   0x00000000   Code   RO         1830    .ARM.Collect$$rtentry$$00000000  c_t.l(rtentry.o)
    0x000001ac   0x00000000   Code   RO         1894    .ARM.Collect$$rtentry$$00000002  c_t.l(rtentry2.o)
    0x000001ac   0x00000008   Code   RO         1906    .ARM.Collect$$rtentry$$00000004  c_t.l(rtentry4.o)
    0x000001b4   0x00000000   Code   RO         1896    .ARM.Collect$$rtentry$$00000009  c_t.l(rtentry2.o)
    0x000001b4   0x00000004   Code   RO         1897    .ARM.Collect$$rtentry$$0000000A  c_t.l(rtentry2.o)
    0x000001b8   0x00000000   Code   RO         1899    .ARM.Collect$$rtentry$$0000000C  c_t.l(rtentry2.o)
    0x000001b8   0x00000028   Code   RO         1900    .ARM.Collect$$rtentry$$0000000D  c_t.l(rtentry2.o)
    0x000001e0   0x00000004   Ven    RO         2017    .ARM.Collect$$rtexit$$00000000  c_t.l(rtexit.o)
    0x000001e4   0x00000004   Code   RO         2017    .ARM.Collect$$rtexit$$00000000  c_t.l(rtexit.o)
    0x000001e8   0x00000000   Code   RO         2087    .ARM.Collect$$rtexit$$00000002  c_t.l(rtexit2.o)
    0x000001e8   0x00000004   Code   RO         2088    .ARM.Collect$$rtexit$$00000003  c_t.l(rtexit2.o)
    0x000001ec   0x00000008   Code   RO         2089    .ARM.Collect$$rtexit$$00000004  c_t.l(rtexit2.o)
    0x000001f4   0x00000020   Code   RO            4    .text               startup.o
    0x00000214   0x00000006   Code   RO         1826    .text               c_t.l(heapauxi.o)
    0x0000021a   0x00000002   PAD
    0x0000021c   0x00000060   Code   RO         1937    .text               c_t.l(sys_stackheap_outer.o)
    0x0000027c   0x0000000c   Code   RO         1982    .text               c_t.l(exit.o)
    0x00000288   0x0000000c   Code   RO         2014    .text               c_t.l(libspace.o)
    0x00000294   0x00000008   Ven    RO         2084    .text               c_t.l(sys_exit.o)
    0x0000029c   0x0000000c   Code   RO         2084    .text               c_t.l(sys_exit.o)
    0x000002a8   0x00000004   Code   RO         2127    .text               c_t.l(use_no_semi.o)
    0x000002ac   0x00000000   Code   RO         2129    .text               c_t.l(indicate_semi.o)
    0x000002ac   0x00000008   Code   RO           11    i.main              main.o
    0x000002b4   0x00000010   Data   RO         2187    Region$$Table       anon$$obj.o


    Execution Region RW_IRAM1 (Base: 0x40000000, Size: 0x000004e8, Max: 0x00008000, ABSOLUTE)

    Base Addr    Size         Type   Attr      Idx    E Section Name        Object

    0x40000000   0x00000060   Zero   RW         2015    .bss                c_t.l(libspace.o)
    0x40000060   0x00000000   Zero   RW            2    HEAP                startup.o
    0x40000060   0x00000488   Zero   RW            1    STACK               startup.o


==============================================================================

Image component sizes


      Code (inc. data)   RO Data    RW Data    ZI Data      Debug   Object Name

         8          0          0          0          0       1779   main.o
       304         60          0          0       1160        444   startup.o

    ----------------------------------------------------------------------
       312         60         16          0       1160       2223   Object Totals
         0          0         16          0          0          0   (incl. Generated)
         0          0          0          0          0          0   (incl. Padding)

    ----------------------------------------------------------------------

      Code (inc. data)   RO Data    RW Data    ZI Data      Debug   Library Member Name

         8          0          0          0          0         68   __main.o
        60          8          0          0          0          0   __scatter.o
        44          0          0          0          0          0   __scatter_zi.o
        12          0          0          0          0         64   exit.o
         6          0          0          0          0        136   heapauxi.o
         0          0          0          0          0          0   indicate_semi.o
        10          0          0          0          0          0   libinit.o
        12          0          0          0          0          0   libinit2.o
        12          0          0          0          0          0   libshutdown.o
         6          0          0          0          0          0   libshutdown2.o
        12          4          0          0         96         68   libspace.o
         0          0          0          0          0          0   rtentry.o
        44          4          0          0          0          0   rtentry2.o
         8          0          0          0          0          0   rtentry4.o
         8          0          0          0          0          0   rtexit.o
        12          0          0          0          0          0   rtexit2.o
        20          4          0          0          0         60   sys_exit.o
        96          0          0          0          0         80   sys_stackheap_outer.o
         4          0          0          0          0         68   use_no_semi.o

    ----------------------------------------------------------------------
       380         20          0          0         96        544   Library Totals
         6          0          0          0          0          0   (incl. Padding)

    ----------------------------------------------------------------------

      Code (inc. data)   RO Data    RW Data    ZI Data      Debug   Library Name

       374         20          0          0         96        544   c_t.l

    ----------------------------------------------------------------------
       380         20          0          0         96        544   Library Totals

    ----------------------------------------------------------------------

==============================================================================


      Code (inc. data)   RO Data    RW Data    ZI Data      Debug   

       692         80         16          0       1256       2523   Grand Totals
       692         80         16          0       1256       2523   ELF Image Totals
       692         80         16          0          0          0   ROM Totals

==============================================================================

    Total RO  Size (Code + RO Data)                  708 (   0.69kB)
    Total RW  Size (RW Data + ZI Data)              1256 (   1.23kB)
    Total ROM Size (Code + RO Data + RW Data)        708 (   0.69kB)

==============================================================================

